#-----------------------------------------------------------
# Vivado v2024.2 (64-bit)
# SW Build 5239630 on Fri Nov 08 22:34:34 MST 2024
# IP Build 5239520 on Sun Nov 10 16:12:51 MST 2024
# SharedData Build 5239561 on Fri Nov 08 14:39:27 MST 2024
# Start of session at: Thu Jun 12 15:25:06 2025
# Process ID         : 235453
# Current directory  : /home/ujaved/work_dir/axi_dpe_ila_v3.0/AXI-Dot-Product-Accelerator/Vivado/puzhi/puzhi.runs/synth_1
# Command line       : vivado -log andromeda_wrapper.vds -product Vivado -mode batch -messageDb vivado.pb -notrace -source andromeda_wrapper.tcl
# Log file           : /home/ujaved/work_dir/axi_dpe_ila_v3.0/AXI-Dot-Product-Accelerator/Vivado/puzhi/puzhi.runs/synth_1/andromeda_wrapper.vds
# Journal file       : /home/ujaved/work_dir/axi_dpe_ila_v3.0/AXI-Dot-Product-Accelerator/Vivado/puzhi/puzhi.runs/synth_1/vivado.jou
# Running On         : nuke
# Platform           : Ubuntu
# Operating System   : Ubuntu 24.04.2 LTS
# Processor Detail   : Intel(R) Core(TM) Ultra 9 285K
# CPU Frequency      : 800.000 MHz
# CPU Physical cores : 24
# CPU Logical cores  : 24
# Host memory        : 49823 MB
# Swap memory        : 8589 MB
# Total Virtual      : 58413 MB
# Available Virtual  : 52209 MB
#-----------------------------------------------------------
source andromeda_wrapper.tcl -notrace
