#-----------------------------------------------------------
# Vivado v2024.2 (64-bit)
# SW Build 5239630 on Fri Nov 08 22:34:34 MST 2024
# IP Build 5239520 on Sun Nov 10 16:12:51 MST 2024
# SharedData Build 5239561 on Fri Nov 08 14:39:27 MST 2024
# Start of session at: Tue Jun 10 02:51:37 2025
# Process ID         : 4147599
# Current directory  : /home/malik/andromeda_ila/andromeda/Vivado
# Command line       : vivado -mode batch -notrace -source scripts/build_puzhi.tcl -log puzhi_xpr.log -journal puzhi_xpr.jou -tclargs puzhi
# Log file           : /home/malik/andromeda_ila/andromeda/Vivado/puzhi_xpr.log
# Journal file       : /home/malik/andromeda_ila/andromeda/Vivado/puzhi_xpr.jou
# Running On         : dust2
# Platform           : Ubuntu
# Operating System   : Ubuntu 24.04.2 LTS
# Processor Detail   : Intel(R) Core(TM) Ultra 9 285K
# CPU Frequency      : 800.000 MHz
# CPU Physical cores : 24
# CPU Logical cores  : 24
# Host memory        : 100557 MB
# Swap memory        : 8589 MB
# Total Virtual      : 109147 MB
# Available Virtual  : 47050 MB
#-----------------------------------------------------------
source scripts/build_puzhi.tcl -notrace
Target design: puzhi
WARNING: [Board 49-91] Board repository path '/home/malik/.Xilinx/Vivado/2024.2/xhub/board_store/xilinx_board_store' does not exist, it will not be used to search board files.
INFO: [IP_Flow 19-234] Refreshing IP repositories
INFO: [IP_Flow 19-1704] No user IP repositories specified
INFO: [IP_Flow 19-2313] Loaded Vivado IP repository '/opt/tools/Xilinx/Vivado/2024.2/data/ip'.
CRITICAL WARNING: [IP_Flow 19-3389] Failed to import IP file '/home/malik/andromeda_ila/andromeda/Vivado/ips/floating_point_0/floating_point_0.xci': IP name 'floating_point_0' is already in use in this project.  Please choose a different name.

CRITICAL WARNING: [filemgmt 20-984] The source file '/home/malik/andromeda_ila/andromeda/Vivado/ips/floating_point_0/floating_point_0.xci' cannot be added to the fileset 'sources_1'.
WARNING: [filemgmt 20-354] The following file(s) were not imported. Local copy of file(s) already exists:
/home/malik/andromeda_ila/andromeda/Vivado/ips/floating_point_0/floating_point_0.xci
Hint: use the '-force' option to overwrite the local copies.
CRITICAL WARNING: [IP_Flow 19-3389] Failed to import IP file '/home/malik/andromeda_ila/andromeda/Vivado/ips/floating_point_1/floating_point_1.xci': IP name 'floating_point_1' is already in use in this project.  Please choose a different name.

CRITICAL WARNING: [filemgmt 20-984] The source file '/home/malik/andromeda_ila/andromeda/Vivado/ips/floating_point_1/floating_point_1.xci' cannot be added to the fileset 'sources_1'.
WARNING: [filemgmt 20-354] The following file(s) were not imported. Local copy of file(s) already exists:
/home/malik/andromeda_ila/andromeda/Vivado/ips/floating_point_1/floating_point_1.xci
Hint: use the '-force' option to overwrite the local copies.
CRITICAL WARNING: [IP_Flow 19-3389] Failed to import IP file '/home/malik/andromeda_ila/andromeda/Vivado/ips/floating_point_2/floating_point_2.xci': IP name 'floating_point_2' is already in use in this project.  Please choose a different name.

CRITICAL WARNING: [filemgmt 20-984] The source file '/home/malik/andromeda_ila/andromeda/Vivado/ips/floating_point_2/floating_point_2.xci' cannot be added to the fileset 'sources_1'.
WARNING: [filemgmt 20-354] The following file(s) were not imported. Local copy of file(s) already exists:
/home/malik/andromeda_ila/andromeda/Vivado/ips/floating_point_2/floating_point_2.xci
Hint: use the '-force' option to overwrite the local copies.
INFO: [BD::TCL 103-2010] Currently there is no design <andromeda> in project, so creating one...
Wrote  : </home/malik/andromeda_ila/andromeda/Vivado/puzhi/puzhi.srcs/sources_1/bd/andromeda/andromeda.bd> 
INFO: [BD::TCL 103-2011] Checking if the following IPs exist in the project's IP catalog:  xilinx.com:ip:ddr4:2.2 xilinx.com:ip:ila:6.2 xilinx.com:ip:util_vector_logic:2.0 xilinx.com:ip:microblaze:11.0 xilinx.com:ip:axi_uartlite:2.0 xilinx.com:ip:axi_timer:2.0 xilinx.com:ip:proc_sys_reset:5.0 xilinx.com:ip:smartconnect:1.0 xilinx.com:ip:mdm:3.2 xilinx.com:ip:lmb_v10:3.0 xilinx.com:ip:lmb_bram_if_cntlr:4.0 xilinx.com:ip:blk_mem_gen:8.4  .
INFO: [BD::TCL 103-2020] Checking if the following modules exist in the project's sources:  sd_controller_wrapper axi_dpe  .
INFO: [Device 21-403] Loading part xcku5p-ffvb676-2-i
WARNING: [BD 5-699] No address segments matched 'get_bd_addr_segs -of_object /ilmb_cntlr/SLMB/Mem'
WARNING: [BD 5-699] No address segments matched 'get_bd_addr_segs -of_object /second_ilmb_cntlr/SLMB/Mem'
WARNING: [BD 5-699] No address segments matched 'get_bd_addr_segs -of_object /dlmb_cntlr/SLMB/Mem'
WARNING: [BD 5-699] No address segments matched 'get_bd_addr_segs -of_object /second_dlmb_cntlr/SLMB/Mem'
WARNING: [BD 5-699] No address segments matched 'get_bd_addr_segs -of_object /iomodule_0/SLMB/Reg'
WARNING: [BD 5-699] No address segments matched 'get_bd_addr_segs -of_object /iomodule_0/SLMB/IO'
INFO: [xilinx.com:ip:microblaze:11.0-9] /microblaze_I: Setting C_BASE_VECTORS to 0x00000000.
create_bd_cell: Time (s): cpu = 00:00:06 ; elapsed = 00:00:06 . Memory (MB): peak = 2925.410 ; gain = 1232.500 ; free physical = 23611 ; free virtual = 43049
WARNING: [BD 5-699] No address segments matched 'get_bd_addr_segs -of_object /ilmb_cntlr/SLMB/Mem'
WARNING: [BD 5-699] No address segments matched 'get_bd_addr_segs -of_object /second_ilmb_cntlr/SLMB/Mem'
WARNING: [BD 5-699] No address segments matched 'get_bd_addr_segs -of_object /dlmb_cntlr/SLMB/Mem'
WARNING: [BD 5-699] No address segments matched 'get_bd_addr_segs -of_object /second_dlmb_cntlr/SLMB/Mem'
WARNING: [BD 5-699] No address segments matched 'get_bd_addr_segs -of_object /iomodule_0/SLMB/Reg'
WARNING: [BD 5-699] No address segments matched 'get_bd_addr_segs -of_object /iomodule_0/SLMB/IO'
INFO: [xilinx.com:ip:microblaze:11.0-9] /microblaze_I: Setting C_BASE_VECTORS to 0x00000000.
INFO: [xilinx.com:ip:ila:6.2-6] /ila_0: AMD recommends using the System ILA IP in IP Integrator. The System ILA IP is functionally equivalent to an ILA and offers additional benefits in debugging interfaces both within IP Integrator and the Hardware Manager. Consult the Programming and Debug User Guide UG908 for further details.
INFO: [BD 5-1043] It is recommended to use inline hdl version xilinx.com:inline_hdl:ilvector_logic:1.0 for the IP type xilinx.com:ip:util_vector_logic:2.0 for improved performance and reduced disk space. IPs with VLNV xilinx.com:ip:util_vector_logic:2.0 may be deprecated in future releases. More information on inline hdl IP is available in UG994 
INFO: [IP_Flow 19-5107] Inferred bus interface 'axi' of definition 'xilinx.com:interface:aximm:1.0' (from Xilinx Repository).
INFO: [IP_Flow 19-5107] Inferred bus interface 'axilite' of definition 'xilinx.com:interface:aximm:1.0' (from Xilinx Repository).
INFO: [IP_Flow 19-5107] Inferred bus interface 'aresetn' of definition 'xilinx.com:signal:reset:1.0' (from Xilinx Repository).
INFO: [IP_Flow 19-5107] Inferred bus interface 'aclk' of definition 'xilinx.com:signal:clock:1.0' (from Xilinx Repository).
INFO: [IP_Flow 19-5107] Inferred bus interface 'interrupt' of definition 'xilinx.com:signal:interrupt:1.0' (from Xilinx Repository).
INFO: [IP_Flow 19-4728] Bus Interface 'aresetn': Added interface parameter 'POLARITY' with value 'ACTIVE_LOW'.
INFO: [IP_Flow 19-4728] Bus Interface 'interrupt': Added interface parameter 'SENSITIVITY' with value 'LEVEL_HIGH'.
INFO: [IP_Flow 19-4728] Bus Interface 'aclk': Added interface parameter 'ASSOCIATED_BUSIF' with value 'axi'.
INFO: [IP_Flow 19-4728] Bus Interface 'aclk': Added interface parameter 'ASSOCIATED_RESET' with value 'aresetn'.
WARNING: [IP_Flow 19-11770] Clock interface 'aclk' has no FREQ_HZ parameter.
INFO: [IP_Flow 19-5107] Inferred bus interface 'm_axi' of definition 'xilinx.com:interface:aximm:1.0' (from Xilinx Repository).
INFO: [IP_Flow 19-5107] Inferred bus interface 's_axi' of definition 'xilinx.com:interface:aximm:1.0' (from Xilinx Repository).
INFO: [IP_Flow 19-5107] Inferred bus interface 'aresetn' of definition 'xilinx.com:signal:reset:1.0' (from Xilinx Repository).
INFO: [IP_Flow 19-5107] Inferred bus interface 'aclk' of definition 'xilinx.com:signal:clock:1.0' (from Xilinx Repository).
INFO: [IP_Flow 19-4728] Bus Interface 'aresetn': Added interface parameter 'POLARITY' with value 'ACTIVE_LOW'.
INFO: [IP_Flow 19-4728] Bus Interface 'aclk': Added interface parameter 'ASSOCIATED_BUSIF' with value 'm_axi'.
INFO: [IP_Flow 19-4728] Bus Interface 'aclk': Added interface parameter 'ASSOCIATED_RESET' with value 'aresetn'.
WARNING: [IP_Flow 19-11770] Clock interface 'aclk' has no FREQ_HZ parameter.
WARNING: [BD 5-1069] Please specify '-mon_dir' argument when interface mode is 'Monitor'. Using 'in' as default.
WARNING: [BD 5-1069] Please specify '-mon_dir' argument when interface mode is 'Monitor'. Using 'in' as default.
WARNING: [BD 5-1069] Please specify '-mon_dir' argument when interface mode is 'Monitor'. Using 'in' as default.
WARNING: [BD 5-1069] Please specify '-mon_dir' argument when interface mode is 'Monitor'. Using 'in' as default.
Slave segment '/axi_dpe_0/s_axi/reg0' is being assigned into address space '/microblaze_0/Data' at <0x0003_0000 [ 64K ]>.
Slave segment '/axi_timer_0/S_AXI/Reg' is being assigned into address space '/microblaze_0/Data' at <0x41C0_0000 [ 64K ]>.
Slave segment '/axi_uartlite_0/S_AXI/Reg' is being assigned into address space '/microblaze_0/Data' at <0x4060_0000 [ 64K ]>.
Slave segment '/ddr4_0/C0_DDR4_MEMORY_MAP/C0_DDR4_ADDRESS_BLOCK' is being assigned into address space '/microblaze_0/Data' at <0x8000_0000 [ 2G ]>.
Slave segment '/microblaze_0_local_memory/dlmb_bram_if_cntlr/SLMB/Mem' is being assigned into address space '/microblaze_0/Data' at <0x0000_0000 [ 128K ]>.
Slave segment '/sd_controller_wrapper_0/axilite/reg0' is being assigned into address space '/microblaze_0/Data' at <0x0002_0000 [ 4K ]>.
Slave segment '/microblaze_0_local_memory/ilmb_bram_if_cntlr/SLMB/Mem' is being assigned into address space '/microblaze_0/Instruction' at <0x0000_0000 [ 128K ]>.
Slave segment '/ddr4_0/C0_DDR4_MEMORY_MAP/C0_DDR4_ADDRESS_BLOCK' is being assigned into address space '/sd_controller_wrapper_0/axi' at <0x8000_0000 [ 2G ]>.
Slave segment '/ddr4_0/C0_DDR4_MEMORY_MAP/C0_DDR4_ADDRESS_BLOCK' is being assigned into address space '/axi_dpe_0/m_axi' at <0x8000_0000 [ 2G ]>.
Slave segment '/axi_dpe_0/s_axi/reg0' is being assigned into address space '/axi_dpe_0/m_axi' at <0x0003_0000 [ 64K ]>.
Excluding slave segment /axi_dpe_0/s_axi/reg0 from address space /axi_dpe_0/m_axi.
Slave segment '/axi_timer_0/S_AXI/Reg' is being assigned into address space '/axi_dpe_0/m_axi' at <0x41C0_0000 [ 64K ]>.
Excluding slave segment /axi_timer_0/S_AXI/Reg from address space /axi_dpe_0/m_axi.
Slave segment '/axi_uartlite_0/S_AXI/Reg' is being assigned into address space '/axi_dpe_0/m_axi' at <0x4060_0000 [ 64K ]>.
Excluding slave segment /axi_uartlite_0/S_AXI/Reg from address space /axi_dpe_0/m_axi.
Slave segment '/sd_controller_wrapper_0/axilite/reg0' is being assigned into address space '/axi_dpe_0/m_axi' at <0x0002_0000 [ 4K ]>.
Excluding slave segment /sd_controller_wrapper_0/axilite/reg0 from address space /axi_dpe_0/m_axi.
Slave segment '/axi_dpe_0/s_axi/reg0' is being assigned into address space '/sd_controller_wrapper_0/axi' at <0x0003_0000 [ 4K ]>.
Excluding slave segment /axi_dpe_0/s_axi/reg0 from address space /sd_controller_wrapper_0/axi.
Slave segment '/axi_timer_0/S_AXI/Reg' is being assigned into address space '/sd_controller_wrapper_0/axi' at <0x41C0_0000 [ 64K ]>.
Excluding slave segment /axi_timer_0/S_AXI/Reg from address space /sd_controller_wrapper_0/axi.
Slave segment '/axi_uartlite_0/S_AXI/Reg' is being assigned into address space '/sd_controller_wrapper_0/axi' at <0x4060_0000 [ 64K ]>.
Excluding slave segment /axi_uartlite_0/S_AXI/Reg from address space /sd_controller_wrapper_0/axi.
Slave segment '/sd_controller_wrapper_0/axilite/reg0' is being assigned into address space '/sd_controller_wrapper_0/axi' at <0x0002_0000 [ 4K ]>.
Excluding slave segment /sd_controller_wrapper_0/axilite/reg0 from address space /sd_controller_wrapper_0/axi.
WARNING: [BD 41-1781] Updates have been made to one or more nets/interface connections marked for debug.
Debug nets, which are already connected to any ILA IP core in the block-design, will be automatically available for debug in Hardware Manager.
For unconnected Debug nets, please open synthesized design and use 'Set Up Debug' wizard to insert, modify or delete Debug Cores. 
Excluding slave segment /axi_timer_0/S_AXI/Reg from address space /axi_dpe_0/m_axi.
Excluding slave segment /axi_timer_0/S_AXI/Reg from address space /sd_controller_wrapper_0/axi.
INFO: [BD 5-943] Reserving offset range <0x41C0_0000 [ 64K ]> from slave interface '/axi_smc/S00_AXI' to master interface '/axi_smc/M00_AXI'. This will be used by smartconnect on path for routing.
INFO: [BD 5-943] Reserving offset range <0x4060_0000 [ 64K ]> from slave interface '/axi_smc/S00_AXI' to master interface '/axi_smc/M01_AXI'. This will be used by smartconnect on path for routing.
INFO: [BD 5-943] Reserving offset range <0x0002_0000 [ 4K ]> from slave interface '/axi_smc/S00_AXI' to master interface '/axi_smc/M02_AXI'. This will be used by smartconnect on path for routing.
INFO: [BD 5-943] Reserving offset range <0x0003_0000 [ 64K ]> from slave interface '/axi_smc/S00_AXI' to master interface '/axi_smc/M03_AXI'. This will be used by smartconnect on path for routing.
INFO: [BD 5-943] Reserving offset range <0x8000_0000 [ 2G ]> from slave interface '/axi_smc/S00_AXI' to master interface '/axi_smc/M04_AXI'. This will be used by smartconnect on path for routing.
INFO: [BD 5-943] Reserving offset range <0x8000_0000 [ 2G ]> from slave interface '/axi_smc/S01_AXI' to master interface '/axi_smc/M04_AXI'. This will be used by smartconnect on path for routing.
INFO: [BD 5-943] Reserving offset range <0x8000_0000 [ 2G ]> from slave interface '/axi_smc/S02_AXI' to master interface '/axi_smc/M04_AXI'. This will be used by smartconnect on path for routing.
INFO: [xilinx.com:ip:smartconnect:1.0-1] andromeda_axi_smc_0: SmartConnect andromeda_axi_smc_0 is in High-performance Mode.
Excluding slave segment /axi_timer_0/S_AXI/Reg from address space /axi_dpe_0/m_axi.
Excluding slave segment /axi_timer_0/S_AXI/Reg from address space /sd_controller_wrapper_0/axi.
WARNING: [filemgmt 56-443] The ECC Algorithm string is empty. Setting the Memory Map to default ECC value to ECC_NONE.
INFO: [xilinx.com:ip:microblaze:11.0-9] /microblaze_0: Setting C_BASE_VECTORS to 0x00000000.
WARNING: [filemgmt 56-443] The ECC Algorithm string is empty. Setting the Memory Map to default ECC value to ECC_NONE.
WARNING: [filemgmt 56-443] The ECC Algorithm string is empty. Setting the Memory Map to default ECC value to ECC_NONE.
Wrote  : </home/malik/andromeda_ila/andromeda/Vivado/puzhi/puzhi.srcs/sources_1/bd/andromeda/andromeda.bd> 
INFO: [xilinx.com:ip:ila:6.2-6] /ila_0: AMD recommends using the System ILA IP in IP Integrator. The System ILA IP is functionally equivalent to an ILA and offers additional benefits in debugging interfaces both within IP Integrator and the Hardware Manager. Consult the Programming and Debug User Guide UG908 for further details.
Excluding slave segment /axi_dpe_0/s_axi/reg0 from address space /sd_controller_wrapper_0/axi.
Excluding slave segment /axi_timer_0/S_AXI/Reg from address space /sd_controller_wrapper_0/axi.
Excluding slave segment /axi_uartlite_0/S_AXI/Reg from address space /sd_controller_wrapper_0/axi.
Excluding slave segment /sd_controller_wrapper_0/axilite/reg0 from address space /sd_controller_wrapper_0/axi.
Excluding slave segment /axi_dpe_0/s_axi/reg0 from address space /axi_dpe_0/m_axi.
Excluding slave segment /axi_timer_0/S_AXI/Reg from address space /axi_dpe_0/m_axi.
Excluding slave segment /axi_uartlite_0/S_AXI/Reg from address space /axi_dpe_0/m_axi.
Excluding slave segment /sd_controller_wrapper_0/axilite/reg0 from address space /axi_dpe_0/m_axi.
INFO: [BD 41-1662] The design 'andromeda.bd' is already validated. Therefore parameter propagation will not be re-run.
WARNING: [filemgmt 56-443] The ECC Algorithm string is empty. Setting the Memory Map to default ECC value to ECC_NONE.
WARNING: [filemgmt 56-443] The ECC Algorithm string is empty. Setting the Memory Map to default ECC value to ECC_NONE.
WARNING: [BD 41-3257] Drive strength cannot be preserved for ports connected to net axi_dpe_0_m_axi_RREADY as it is marked for debug
WARNING: [BD 41-3257] Drive strength cannot be preserved for ports connected to net axi_dpe_0_m_axi_RVALID as it is marked for debug
WARNING: [BD 41-3257] Drive strength cannot be preserved for ports connected to net axi_dpe_0_m_axi_RLAST as it is marked for debug
WARNING: [BD 41-3257] Drive strength cannot be preserved for ports connected to net axi_dpe_0_m_axi_RRESP as it is marked for debug
WARNING: [BD 41-3257] Drive strength cannot be preserved for ports connected to net axi_dpe_0_m_axi_ARBURST as it is marked for debug
WARNING: [BD 41-3257] Drive strength cannot be preserved for ports connected to net axi_dpe_0_m_axi_ARLEN as it is marked for debug
WARNING: [BD 41-3257] Drive strength cannot be preserved for ports connected to net axi_dpe_0_m_axi_AWVALID as it is marked for debug
WARNING: [BD 41-3257] Drive strength cannot be preserved for ports connected to net axi_dpe_0_m_axi_AWCACHE as it is marked for debug
WARNING: [BD 41-3257] Drive strength cannot be preserved for ports connected to net axi_dpe_0_m_axi_ARCACHE as it is marked for debug
WARNING: [BD 41-3257] Drive strength cannot be preserved for ports connected to net axi_dpe_0_m_axi_AWSIZE as it is marked for debug
WARNING: [BD 41-3257] Drive strength cannot be preserved for ports connected to net axi_dpe_0_m_axi_AWBURST as it is marked for debug
WARNING: [BD 41-3257] Drive strength cannot be preserved for ports connected to net axi_dpe_0_m_axi_BREADY as it is marked for debug
WARNING: [BD 41-3257] Drive strength cannot be preserved for ports connected to net axi_dpe_0_m_axi_AWPROT as it is marked for debug
WARNING: [BD 41-3257] Drive strength cannot be preserved for ports connected to net axi_dpe_0_m_axi_AWADDR as it is marked for debug
WARNING: [BD 41-3257] Drive strength cannot be preserved for ports connected to net axi_dpe_0_m_axi_AWREADY as it is marked for debug
WARNING: [BD 41-3257] Drive strength cannot be preserved for ports connected to net axi_dpe_0_m_axi_ARVALID as it is marked for debug
WARNING: [BD 41-3257] Drive strength cannot be preserved for ports connected to net axi_dpe_0_m_axi_WDATA as it is marked for debug
WARNING: [BD 41-3257] Drive strength cannot be preserved for ports connected to net axi_dpe_0_m_axi_ARPROT as it is marked for debug
WARNING: [BD 41-3257] Drive strength cannot be preserved for ports connected to net axi_dpe_0_m_axi_WSTRB as it is marked for debug
WARNING: [BD 41-3257] Drive strength cannot be preserved for ports connected to net axi_dpe_0_m_axi_ARREADY as it is marked for debug
WARNING: [BD 41-3257] Drive strength cannot be preserved for ports connected to net axi_dpe_0_m_axi_ARSIZE as it is marked for debug
WARNING: [BD 41-3257] Drive strength cannot be preserved for ports connected to net axi_dpe_0_m_axi_WLAST as it is marked for debug
WARNING: [BD 41-3257] Drive strength cannot be preserved for ports connected to net axi_dpe_0_m_axi_AWLEN as it is marked for debug
WARNING: [BD 41-3257] Drive strength cannot be preserved for ports connected to net axi_dpe_0_m_axi_BVALID as it is marked for debug
WARNING: [BD 41-3257] Drive strength cannot be preserved for ports connected to net axi_dpe_0_m_axi_WVALID as it is marked for debug
WARNING: [BD 41-3257] Drive strength cannot be preserved for ports connected to net axi_dpe_0_m_axi_WREADY as it is marked for debug
WARNING: [BD 41-3257] Drive strength cannot be preserved for ports connected to net axi_dpe_0_m_axi_RDATA as it is marked for debug
WARNING: [BD 41-3257] Drive strength cannot be preserved for ports connected to net axi_dpe_0_m_axi_BRESP as it is marked for debug
WARNING: [BD 41-3257] Drive strength cannot be preserved for ports connected to net axi_dpe_0_m_axi_ARADDR as it is marked for debug
WARNING: [BD 41-3257] Drive strength cannot be preserved for ports connected to net axi_smc_M03_AXI_RREADY as it is marked for debug
WARNING: [BD 41-3257] Drive strength cannot be preserved for ports connected to net axi_smc_M03_AXI_RVALID as it is marked for debug
WARNING: [BD 41-3257] Drive strength cannot be preserved for ports connected to net axi_smc_M03_AXI_WVALID as it is marked for debug
WARNING: [BD 41-3257] Drive strength cannot be preserved for ports connected to net axi_smc_M03_AXI_AWREADY as it is marked for debug
WARNING: [BD 41-3257] Drive strength cannot be preserved for ports connected to net axi_smc_M03_AXI_AWADDR as it is marked for debug
WARNING: [BD 41-3257] Drive strength cannot be preserved for ports connected to net axi_smc_M03_AXI_ARREADY as it is marked for debug
WARNING: [BD 41-3257] Drive strength cannot be preserved for ports connected to net axi_smc_M03_AXI_AWVALID as it is marked for debug
WARNING: [BD 41-3257] Drive strength cannot be preserved for ports connected to net axi_smc_M03_AXI_AWPROT as it is marked for debug
WARNING: [BD 41-3257] Drive strength cannot be preserved for ports connected to net axi_smc_M03_AXI_BREADY as it is marked for debug
WARNING: [BD 41-3257] Drive strength cannot be preserved for ports connected to net axi_smc_M03_AXI_WSTRB as it is marked for debug
WARNING: [BD 41-3257] Drive strength cannot be preserved for ports connected to net axi_smc_M03_AXI_ARPROT as it is marked for debug
WARNING: [BD 41-3257] Drive strength cannot be preserved for ports connected to net axi_smc_M03_AXI_RRESP as it is marked for debug
WARNING: [BD 41-3257] Drive strength cannot be preserved for ports connected to net axi_smc_M03_AXI_WREADY as it is marked for debug
WARNING: [BD 41-3257] Drive strength cannot be preserved for ports connected to net axi_smc_M03_AXI_RDATA as it is marked for debug
WARNING: [BD 41-3257] Drive strength cannot be preserved for ports connected to net axi_smc_M03_AXI_BRESP as it is marked for debug
WARNING: [BD 41-3257] Drive strength cannot be preserved for ports connected to net axi_smc_M03_AXI_ARADDR as it is marked for debug
WARNING: [BD 41-3257] Drive strength cannot be preserved for ports connected to net axi_smc_M03_AXI_BVALID as it is marked for debug
WARNING: [BD 41-3257] Drive strength cannot be preserved for ports connected to net axi_smc_M03_AXI_WDATA as it is marked for debug
WARNING: [BD 41-3257] Drive strength cannot be preserved for ports connected to net axi_smc_M03_AXI_ARVALID as it is marked for debug
WARNING: [BD 41-3257] Drive strength cannot be preserved for ports connected to net axi_smc_M04_AXI_RREADY as it is marked for debug
WARNING: [BD 41-3257] Drive strength cannot be preserved for ports connected to net axi_smc_M04_AXI_RVALID as it is marked for debug
WARNING: [BD 41-3257] Drive strength cannot be preserved for ports connected to net axi_smc_M04_AXI_RLAST as it is marked for debug
WARNING: [BD 41-3257] Drive strength cannot be preserved for ports connected to net axi_smc_M04_AXI_RRESP as it is marked for debug
WARNING: [BD 41-3257] Drive strength cannot be preserved for ports connected to net axi_smc_M04_AXI_ARBURST as it is marked for debug
WARNING: [BD 41-3257] Drive strength cannot be preserved for ports connected to net axi_smc_M04_AXI_ARLEN as it is marked for debug
WARNING: [BD 41-3257] Drive strength cannot be preserved for ports connected to net axi_smc_M04_AXI_ARADDR as it is marked for debug
WARNING: [BD 41-3257] Drive strength cannot be preserved for ports connected to net axi_smc_M04_AXI_BREADY as it is marked for debug
WARNING: [BD 41-3257] Drive strength cannot be preserved for ports connected to net axi_smc_M04_AXI_AWPROT as it is marked for debug
WARNING: [BD 41-3257] Drive strength cannot be preserved for ports connected to net axi_smc_M04_AXI_AWREADY as it is marked for debug
WARNING: [BD 41-3257] Drive strength cannot be preserved for ports connected to net axi_smc_M04_AXI_AWADDR as it is marked for debug
WARNING: [BD 41-3257] Drive strength cannot be preserved for ports connected to net axi_smc_M04_AXI_AWCACHE as it is marked for debug
WARNING: [BD 41-3257] Drive strength cannot be preserved for ports connected to net axi_smc_M04_AXI_ARCACHE as it is marked for debug
WARNING: [BD 41-3257] Drive strength cannot be preserved for ports connected to net axi_smc_M04_AXI_ARLOCK as it is marked for debug
WARNING: [BD 41-3257] Drive strength cannot be preserved for ports connected to net axi_smc_M04_AXI_AWBURST as it is marked for debug
WARNING: [BD 41-3257] Drive strength cannot be preserved for ports connected to net axi_smc_M04_AXI_AWSIZE as it is marked for debug
WARNING: [BD 41-3257] Drive strength cannot be preserved for ports connected to net axi_smc_M04_AXI_ARQOS as it is marked for debug
WARNING: [BD 41-3257] Drive strength cannot be preserved for ports connected to net axi_smc_M04_AXI_AWVALID as it is marked for debug
WARNING: [BD 41-3257] Drive strength cannot be preserved for ports connected to net axi_smc_M04_AXI_AWQOS as it is marked for debug
WARNING: [BD 41-3257] Drive strength cannot be preserved for ports connected to net axi_smc_M04_AXI_ARVALID as it is marked for debug
WARNING: [BD 41-3257] Drive strength cannot be preserved for ports connected to net axi_smc_M04_AXI_WDATA as it is marked for debug
WARNING: [BD 41-3257] Drive strength cannot be preserved for ports connected to net axi_smc_M04_AXI_ARPROT as it is marked for debug
WARNING: [BD 41-3257] Drive strength cannot be preserved for ports connected to net axi_smc_M04_AXI_WSTRB as it is marked for debug
WARNING: [BD 41-3257] Drive strength cannot be preserved for ports connected to net axi_smc_M04_AXI_ARREADY as it is marked for debug
WARNING: [BD 41-3257] Drive strength cannot be preserved for ports connected to net axi_smc_M04_AXI_ARSIZE as it is marked for debug
WARNING: [BD 41-3257] Drive strength cannot be preserved for ports connected to net axi_smc_M04_AXI_WLAST as it is marked for debug
WARNING: [BD 41-3257] Drive strength cannot be preserved for ports connected to net axi_smc_M04_AXI_AWLEN as it is marked for debug
WARNING: [BD 41-3257] Drive strength cannot be preserved for ports connected to net axi_smc_M04_AXI_AWLOCK as it is marked for debug
WARNING: [BD 41-3257] Drive strength cannot be preserved for ports connected to net axi_smc_M04_AXI_BVALID as it is marked for debug
WARNING: [BD 41-3257] Drive strength cannot be preserved for ports connected to net axi_smc_M04_AXI_WVALID as it is marked for debug
WARNING: [BD 41-3257] Drive strength cannot be preserved for ports connected to net axi_smc_M04_AXI_WREADY as it is marked for debug
WARNING: [BD 41-3257] Drive strength cannot be preserved for ports connected to net axi_smc_M04_AXI_RDATA as it is marked for debug
WARNING: [BD 41-3257] Drive strength cannot be preserved for ports connected to net axi_smc_M04_AXI_BRESP as it is marked for debug
Verilog Output written to : /home/malik/andromeda_ila/andromeda/Vivado/puzhi/puzhi.gen/sources_1/bd/andromeda/synth/andromeda.v
WARNING: [BD 41-3257] Drive strength cannot be preserved for ports connected to net axi_dpe_0_m_axi_RREADY as it is marked for debug
WARNING: [BD 41-3257] Drive strength cannot be preserved for ports connected to net axi_dpe_0_m_axi_RVALID as it is marked for debug
WARNING: [BD 41-3257] Drive strength cannot be preserved for ports connected to net axi_dpe_0_m_axi_RLAST as it is marked for debug
WARNING: [BD 41-3257] Drive strength cannot be preserved for ports connected to net axi_dpe_0_m_axi_RRESP as it is marked for debug
WARNING: [BD 41-3257] Drive strength cannot be preserved for ports connected to net axi_dpe_0_m_axi_ARBURST as it is marked for debug
WARNING: [BD 41-3257] Drive strength cannot be preserved for ports connected to net axi_dpe_0_m_axi_ARLEN as it is marked for debug
WARNING: [BD 41-3257] Drive strength cannot be preserved for ports connected to net axi_dpe_0_m_axi_AWVALID as it is marked for debug
WARNING: [BD 41-3257] Drive strength cannot be preserved for ports connected to net axi_dpe_0_m_axi_AWCACHE as it is marked for debug
WARNING: [BD 41-3257] Drive strength cannot be preserved for ports connected to net axi_dpe_0_m_axi_ARCACHE as it is marked for debug
WARNING: [BD 41-3257] Drive strength cannot be preserved for ports connected to net axi_dpe_0_m_axi_AWSIZE as it is marked for debug
WARNING: [BD 41-3257] Drive strength cannot be preserved for ports connected to net axi_dpe_0_m_axi_AWBURST as it is marked for debug
WARNING: [BD 41-3257] Drive strength cannot be preserved for ports connected to net axi_dpe_0_m_axi_BREADY as it is marked for debug
WARNING: [BD 41-3257] Drive strength cannot be preserved for ports connected to net axi_dpe_0_m_axi_AWPROT as it is marked for debug
WARNING: [BD 41-3257] Drive strength cannot be preserved for ports connected to net axi_dpe_0_m_axi_AWADDR as it is marked for debug
WARNING: [BD 41-3257] Drive strength cannot be preserved for ports connected to net axi_dpe_0_m_axi_AWREADY as it is marked for debug
WARNING: [BD 41-3257] Drive strength cannot be preserved for ports connected to net axi_dpe_0_m_axi_ARVALID as it is marked for debug
WARNING: [BD 41-3257] Drive strength cannot be preserved for ports connected to net axi_dpe_0_m_axi_WDATA as it is marked for debug
WARNING: [BD 41-3257] Drive strength cannot be preserved for ports connected to net axi_dpe_0_m_axi_ARPROT as it is marked for debug
WARNING: [BD 41-3257] Drive strength cannot be preserved for ports connected to net axi_dpe_0_m_axi_WSTRB as it is marked for debug
INFO: [Common 17-14] Message 'BD 41-3257' appears 100 times and further instances of the messages will be disabled. Use the Tcl command set_msg_config to change the current settings.
Verilog Output written to : /home/malik/andromeda_ila/andromeda/Vivado/puzhi/puzhi.gen/sources_1/bd/andromeda/sim/andromeda.v
Verilog Output written to : /home/malik/andromeda_ila/andromeda/Vivado/puzhi/puzhi.gen/sources_1/bd/andromeda/hdl/andromeda_wrapper.v
INFO: [xilinx.com:ip:ila:6.2-6] /ila_0: AMD recommends using the System ILA IP in IP Integrator. The System ILA IP is functionally equivalent to an ILA and offers additional benefits in debugging interfaces both within IP Integrator and the Hardware Manager. Consult the Programming and Debug User Guide UG908 for further details.
Excluding slave segment /axi_dpe_0/s_axi/reg0 from address space /sd_controller_wrapper_0/axi.
Excluding slave segment /axi_timer_0/S_AXI/Reg from address space /sd_controller_wrapper_0/axi.
Excluding slave segment /axi_uartlite_0/S_AXI/Reg from address space /sd_controller_wrapper_0/axi.
Excluding slave segment /sd_controller_wrapper_0/axilite/reg0 from address space /sd_controller_wrapper_0/axi.
Excluding slave segment /axi_dpe_0/s_axi/reg0 from address space /axi_dpe_0/m_axi.
Excluding slave segment /axi_timer_0/S_AXI/Reg from address space /axi_dpe_0/m_axi.
Excluding slave segment /axi_uartlite_0/S_AXI/Reg from address space /axi_dpe_0/m_axi.
Excluding slave segment /sd_controller_wrapper_0/axilite/reg0 from address space /axi_dpe_0/m_axi.
INFO: [BD 41-1662] The design 'andromeda.bd' is already validated. Therefore parameter propagation will not be re-run.
WARNING: [filemgmt 56-443] The ECC Algorithm string is empty. Setting the Memory Map to default ECC value to ECC_NONE.
WARNING: [filemgmt 56-443] The ECC Algorithm string is empty. Setting the Memory Map to default ECC value to ECC_NONE.
Verilog Output written to : /home/malik/andromeda_ila/andromeda/Vivado/puzhi/puzhi.gen/sources_1/bd/andromeda/synth/andromeda.v
Verilog Output written to : /home/malik/andromeda_ila/andromeda/Vivado/puzhi/puzhi.gen/sources_1/bd/andromeda/sim/andromeda.v
Verilog Output written to : /home/malik/andromeda_ila/andromeda/Vivado/puzhi/puzhi.gen/sources_1/bd/andromeda/hdl/andromeda_wrapper.v
WARNING: [filemgmt 56-12] File '/home/malik/andromeda_ila/andromeda/Vivado/puzhi/puzhi.gen/sources_1/bd/andromeda/hdl/andromeda_wrapper.v' cannot be added to the project because it already exists in the project, skipping this file
Reading block design file </home/malik/andromeda_ila/andromeda/Vivado/puzhi/puzhi.srcs/sources_1/bd/andromeda/andromeda.bd>...
Adding component instance block -- xilinx.com:ip:ddr4:2.2 - ddr4_0
Adding component instance block -- xilinx.com:ip:ila:6.2 - ila_0
INFO: [xilinx.com:ip:ila:6.2-6] /ila_0: AMD recommends using the System ILA IP in IP Integrator. The System ILA IP is functionally equivalent to an ILA and offers additional benefits in debugging interfaces both within IP Integrator and the Hardware Manager. Consult the Programming and Debug User Guide UG908 for further details.
Adding component instance block -- xilinx.com:ip:util_vector_logic:2.0 - util_vector_logic_0
Adding component instance block -- xilinx.com:ip:microblaze:11.0 - microblaze_0
Adding component instance block -- xilinx.com:ip:axi_uartlite:2.0 - axi_uartlite_0
Adding component instance block -- xilinx.com:module_ref:sd_controller_wrapper:1.0 - sd_controller_wrapper_0
Adding component instance block -- xilinx.com:ip:axi_timer:2.0 - axi_timer_0
Adding component instance block -- xilinx.com:ip:lmb_v10:3.0 - dlmb_v10
Adding component instance block -- xilinx.com:ip:lmb_v10:3.0 - ilmb_v10
Adding component instance block -- xilinx.com:ip:lmb_bram_if_cntlr:4.0 - dlmb_bram_if_cntlr
Adding component instance block -- xilinx.com:ip:lmb_bram_if_cntlr:4.0 - ilmb_bram_if_cntlr
Adding component instance block -- xilinx.com:ip:blk_mem_gen:8.4 - lmb_bram
Adding component instance block -- xilinx.com:ip:proc_sys_reset:5.0 - rst_ddr4_0_333M
Adding component instance block -- xilinx.com:ip:proc_sys_reset:5.0 - rst_ddr4_0_100M
Adding component instance block -- xilinx.com:ip:smartconnect:1.0 - axi_smc
Adding component instance block -- xilinx.com:module_ref:axi_dpe:1.0 - axi_dpe_0
Adding component instance block -- xilinx.com:ip:mdm:3.2 - mdm_0
Adding component instance block -- xilinx.com:ip:system_ila:1.1 - system_ila_0
Excluding slave segment /axi_dpe_0/s_axi/reg0 from address space /sd_controller_wrapper_0/axi.
Excluding slave segment /axi_timer_0/S_AXI/Reg from address space /sd_controller_wrapper_0/axi.
Excluding slave segment /axi_uartlite_0/S_AXI/Reg from address space /sd_controller_wrapper_0/axi.
Excluding slave segment /sd_controller_wrapper_0/axilite/reg0 from address space /sd_controller_wrapper_0/axi.
Excluding slave segment /axi_dpe_0/s_axi/reg0 from address space /axi_dpe_0/m_axi.
Excluding slave segment /axi_timer_0/S_AXI/Reg from address space /axi_dpe_0/m_axi.
Excluding slave segment /axi_uartlite_0/S_AXI/Reg from address space /axi_dpe_0/m_axi.
Excluding slave segment /sd_controller_wrapper_0/axilite/reg0 from address space /axi_dpe_0/m_axi.
Successfully read diagram <andromeda> from block design file </home/malik/andromeda_ila/andromeda/Vivado/puzhi/puzhi.srcs/sources_1/bd/andromeda/andromeda.bd>
WARNING: [BD 41-1781] Updates have been made to one or more nets/interface connections marked for debug.
Debug nets, which are already connected to any ILA IP core in the block-design, will be automatically available for debug in Hardware Manager.
For unconnected Debug nets, please open synthesized design and use 'Set Up Debug' wizard to insert, modify or delete Debug Cores. 
Excluding slave segment /axi_timer_0/S_AXI/Reg from address space /axi_dpe_0/m_axi.
Excluding slave segment /axi_timer_0/S_AXI/Reg from address space /sd_controller_wrapper_0/axi.
INFO: [BD 5-943] Reserving offset range <0x41C0_0000 [ 64K ]> from slave interface '/axi_smc/S00_AXI' to master interface '/axi_smc/M00_AXI'. This will be used by smartconnect on path for routing.
INFO: [BD 5-943] Reserving offset range <0x4060_0000 [ 64K ]> from slave interface '/axi_smc/S00_AXI' to master interface '/axi_smc/M01_AXI'. This will be used by smartconnect on path for routing.
INFO: [BD 5-943] Reserving offset range <0x0002_0000 [ 4K ]> from slave interface '/axi_smc/S00_AXI' to master interface '/axi_smc/M02_AXI'. This will be used by smartconnect on path for routing.
INFO: [BD 5-943] Reserving offset range <0x0003_0000 [ 64K ]> from slave interface '/axi_smc/S00_AXI' to master interface '/axi_smc/M03_AXI'. This will be used by smartconnect on path for routing.
INFO: [BD 5-943] Reserving offset range <0x8000_0000 [ 2G ]> from slave interface '/axi_smc/S00_AXI' to master interface '/axi_smc/M04_AXI'. This will be used by smartconnect on path for routing.
INFO: [BD 5-943] Reserving offset range <0x8000_0000 [ 2G ]> from slave interface '/axi_smc/S01_AXI' to master interface '/axi_smc/M04_AXI'. This will be used by smartconnect on path for routing.
INFO: [BD 5-943] Reserving offset range <0x8000_0000 [ 2G ]> from slave interface '/axi_smc/S02_AXI' to master interface '/axi_smc/M04_AXI'. This will be used by smartconnect on path for routing.
INFO: [xilinx.com:ip:smartconnect:1.0-1] andromeda_axi_smc_0: SmartConnect andromeda_axi_smc_0 is in High-performance Mode.
WARNING: [filemgmt 56-443] The ECC Algorithm string is empty. Setting the Memory Map to default ECC value to ECC_NONE.
INFO: [xilinx.com:ip:microblaze:11.0-9] /microblaze_0: Setting C_BASE_VECTORS to 0x00000000.
Wrote  : </home/malik/andromeda_ila/andromeda/Vivado/puzhi/puzhi.srcs/sources_1/bd/andromeda/andromeda.bd> 
INFO: Project created:andromeda for target board puzhi
INFO: [Common 17-206] Exiting Vivado at Tue Jun 10 02:52:08 2025...
