#-----------------------------------------------------------
# Vivado v2024.2 (64-bit)
# SW Build 5239630 on Fri Nov 08 22:34:34 MST 2024
# IP Build 5239520 on Sun Nov 10 16:12:51 MST 2024
# SharedData Build 5239561 on Fri Nov 08 14:39:27 MST 2024
# Start of session at: Thu Jun 12 13:33:07 2025
# Process ID         : 212234
# Current directory  : /home/ujaved/work_dir/axi_dpe_ila_v3.0/AXI-Dot-Product-Accelerator/Vivado/puzhi
# Command line       : vivado puzhi.xpr
# Log file           : /home/ujaved/work_dir/axi_dpe_ila_v3.0/AXI-Dot-Product-Accelerator/Vivado/puzhi/vivado.log
# Journal file       : /home/ujaved/work_dir/axi_dpe_ila_v3.0/AXI-Dot-Product-Accelerator/Vivado/puzhi/vivado.jou
# Running On         : nuke
# Platform           : Ubuntu
# Operating System   : Ubuntu 24.04.2 LTS
# Processor Detail   : Intel(R) Core(TM) Ultra 9 285K
# CPU Frequency      : 800.000 MHz
# CPU Physical cores : 24
# CPU Logical cores  : 24
# Host memory        : 49823 MB
# Swap memory        : 8589 MB
# Total Virtual      : 58413 MB
# Available Virtual  : 57340 MB
#-----------------------------------------------------------
start_gui
open_project puzhi.xpr
WARNING: [Board 49-26] cannot add Board Part xilinx.com:zcu208ld:part0:2.0 available at /opt/tools/Xilinx/Vivado/2024.2/data/xhub/boards/XilinxBoardStore/boards/Xilinx/zcu208ld/production/2.0/board.xml as part xczu58dr-fsvg1517-2-i specified in board_part file is either invalid or not available
WARNING: [Board 49-26] cannot add Board Part xilinx.com:zcu216ld:part0:2.0 available at /opt/tools/Xilinx/Vivado/2024.2/data/xhub/boards/XilinxBoardStore/boards/Xilinx/zcu216ld/production/2.0/board.xml as part xczu59dr-ffvf1760-2-i specified in board_part file is either invalid or not available
WARNING: [Board 49-26] cannot add Board Part xilinx.com:zcu670ld:part0:1.0 available at /opt/tools/Xilinx/Vivado/2024.2/data/xhub/boards/XilinxBoardStore/boards/Xilinx/zcu670ld/1.0/board.xml as part xczu57dr-fsve1156-2-i specified in board_part file is either invalid or not available
Scanning sources...
Finished scanning sources
INFO: [IP_Flow 19-234] Refreshing IP repositories
INFO: [IP_Flow 19-1704] No user IP repositories specified
INFO: [IP_Flow 19-2313] Loaded Vivado IP repository '/opt/tools/Xilinx/Vivado/2024.2/data/ip'.
WARNING: [filemgmt 56-443] The ECC Algorithm string is empty. Setting the Memory Map to default ECC value to ECC_NONE.
WARNING: [filemgmt 56-443] The ECC Algorithm string is empty. Setting the Memory Map to default ECC value to ECC_NONE.
INFO: [Project 1-5579] Found utility IPs instantiated in one or more block designs which have equivalent inline hdl with improved performance and reduced diskspace. It is recommended to migrate these utility IPs to inline hdl using the command upgrade_project -migrate_to_inline_hdl. The utility IPs may be deprecated in future releases. More information on inline hdl is available in UG994.
open_project: Time (s): cpu = 00:00:10 ; elapsed = 00:00:05 . Memory (MB): peak = 8678.918 ; gain = 1082.203 ; free physical = 38036 ; free virtual = 53432
update_compile_order -fileset sources_1
open_hw_manager
connect_hw_server -allow_non_jtag
INFO: [Labtools 27-2285] Connecting to hw_server url TCP:localhost:3121
INFO: [Labtools 27-2222] Launching hw_server...
INFO: [Labtools 27-2221] Launch Output:

****** Xilinx hw_server v2024.2
  **** Build date : Oct 29 2024 at 10:16:47
    ** Copyright 1986-2022 Xilinx, Inc. All Rights Reserved.


INFO: [Labtools 27-3415] Connecting to cs_server url TCP:localhost:0
INFO: [Labtools 27-3417] Launching cs_server...
INFO: [Labtools 27-2221] Launch Output:


******** Xilinx cs_server v2024.2.0
  ****** Build date   : Oct 30 2024-18:19:07
    **** Build number : 2024.2.1730312347
      ** Copyright 2017-2022 Xilinx, Inc. All Rights Reserved.
      ** Copyright 2022-2025 Advanced Micro Devices, Inc. All Rights Reserved.



open_hw_target
INFO: [Labtoolstcl 44-466] Opening hw_target localhost:3121/xilinx_tcf/Digilent/210251591782
set_property PROGRAM.FILE {/home/ujaved/work_dir/axi_dpe_ila_v3.0/AXI-Dot-Product-Accelerator/Vivado/puzhi/puzhi.runs/impl_1/andromeda_wrapper.bit} [get_hw_devices xcku5p_0]
set_property PROBES.FILE {/home/ujaved/work_dir/axi_dpe_ila_v3.0/AXI-Dot-Product-Accelerator/Vivado/puzhi/puzhi.runs/impl_1/andromeda_wrapper.ltx} [get_hw_devices xcku5p_0]
set_property FULL_PROBES.FILE {/home/ujaved/work_dir/axi_dpe_ila_v3.0/AXI-Dot-Product-Accelerator/Vivado/puzhi/puzhi.runs/impl_1/andromeda_wrapper.ltx} [get_hw_devices xcku5p_0]
current_hw_device [get_hw_devices xcku5p_0]
refresh_hw_device [lindex [get_hw_devices xcku5p_0] 0]
INFO: [Labtools 27-2302] Device xcku5p (JTAG device index = 0) is programmed with a design that has 3 ILA core(s).
INFO: [Labtools 27-2302] Device xcku5p (JTAG device index = 0) is programmed with a design that has 1 MIG core(s).
display_hw_ila_data [ get_hw_ila_data hw_ila_data_1 -of_objects [get_hw_ilas -of_objects [get_hw_devices xcku5p_0] -filter {CELL_NAME=~"andromeda_i/ila_0"}]]
display_hw_ila_data [ get_hw_ila_data hw_ila_data_2 -of_objects [get_hw_ilas -of_objects [get_hw_devices xcku5p_0] -filter {CELL_NAME=~"andromeda_i/system_ila_0/inst/ila_lib"}]]
Processed interface axi_dpe_0_m_axi_ila2_slot0
Processed interface axi_smc_M04_AXI_ila2_slot2
Processed interface axi_smc_M03_AXI_ila2_slot1
display_hw_ila_data [ get_hw_ila_data hw_ila_data_3 -of_objects [get_hw_ilas -of_objects [get_hw_devices xcku5p_0] -filter {CELL_NAME=~"u_ila_0"}]]
ERROR: [Xicom 50-38] xicom: Unable to connect to debug core(s) on the target device. Check cable connectivity and that the target board is powered up then use the disconnect_hw_server and connect_hw_server to re-initialize the hardware target. Use open_hw_target to re-register the hardware device.
run_hw_ila [get_hw_ilas -of_objects [get_hw_devices xcku5p_0] -filter {CELL_NAME=~"andromeda_i/system_ila_0/inst/ila_lib"}]
INFO: [Labtools 27-1964] The ILA core 'hw_ila_2' trigger was armed at 2025-Jun-12 13:41:49
wait_on_hw_ila [get_hw_ilas -of_objects [get_hw_devices xcku5p_0] -filter {CELL_NAME=~"andromeda_i/system_ila_0/inst/ila_lib"}]
display_hw_ila_data [upload_hw_ila_data [get_hw_ilas -of_objects [get_hw_devices xcku5p_0] -filter {CELL_NAME=~"andromeda_i/system_ila_0/inst/ila_lib"}]]
INFO: [Labtools 27-1966] The ILA core 'hw_ila_2' triggered at 2025-Jun-12 13:43:14
Processed interface axi_dpe_0_m_axi_ila2_slot0
Processed interface axi_smc_M04_AXI_ila2_slot2
Processed interface axi_smc_M03_AXI_ila2_slot1
INFO: [Labtools 27-3304] ILA Waveform data saved to file /home/ujaved/work_dir/axi_dpe_ila_v3.0/AXI-Dot-Product-Accelerator/Vivado/puzhi/puzhi.hw/backup/hw_ila_data_2.ila. Use Tcl command 'read_hw_ila_data' or Vivado File->Import->Import ILA Data menu item to import the previously saved data.
add_wave -into {hw_ila_data_2.wcfg} -radix hex { {andromeda_i/system_ila_0/inst/probe6} }
set_property NAME.CUSTOM dpe_state_debug [get_hw_probes andromeda_i/system_ila_0/inst/probe6] 
add_wave -into {hw_ila_data_2.wcfg} -radix hex { {andromeda_i/system_ila_0/inst/probe38} }
set_property NAME.CUSTOM dpe_done [get_hw_probes andromeda_i/system_ila_0/inst/probe38] 
set_property TRIGGER_COMPARE_VALUE eq256'u0 [get_hw_probes andromeda_i/axi_dpe_0/inst/dpe_dout_debug -of_objects [get_hw_ilas -of_objects [get_hw_devices xcku5p_0] -filter {CELL_NAME=~"u_ila_0"}]]
set_property TRIGGER_COMPARE_VALUE neq256'u0 [get_hw_probes andromeda_i/axi_dpe_0/inst/dpe_dout_debug -of_objects [get_hw_ilas -of_objects [get_hw_devices xcku5p_0] -filter {CELL_NAME=~"u_ila_0"}]]
run_hw_ila [get_hw_ilas -of_objects [get_hw_devices xcku5p_0] -filter {CELL_NAME=~"u_ila_0"}]
INFO: [Labtools 27-1964] The ILA core 'hw_ila_3' trigger was armed at 2025-Jun-12 14:09:04
wait_on_hw_ila -timeout 0 [get_hw_ilas -of_objects [get_hw_devices xcku5p_0] -filter {CELL_NAME=~"u_ila_0"}]
upload_hw_ila_data [get_hw_ilas -of_objects [get_hw_devices xcku5p_0] -filter {CELL_NAME=~"u_ila_0"}]
INFO: [Labtools 27-1965] The ILA core 'hw_ila_3' trigger was stopped by user at 2025-Jun-12 14:09:55
WARNING: [Labtools 27-157] hw_ila [hw_ila_3] stopped. No data to upload.
run_hw_ila [get_hw_ilas -of_objects [get_hw_devices xcku5p_0] -filter {CELL_NAME=~"u_ila_0"}] -trigger_now
INFO: [Labtools 27-1964] The ILA core 'hw_ila_3' trigger was armed at 2025-Jun-12 14:09:55
wait_on_hw_ila [get_hw_ilas -of_objects [get_hw_devices xcku5p_0] -filter {CELL_NAME=~"u_ila_0"}]
display_hw_ila_data [upload_hw_ila_data [get_hw_ilas -of_objects [get_hw_devices xcku5p_0] -filter {CELL_NAME=~"u_ila_0"}]]
INFO: [Labtools 27-1966] The ILA core 'hw_ila_3' triggered at 2025-Jun-12 14:09:55
INFO: [Labtools 27-3304] ILA Waveform data saved to file /home/ujaved/work_dir/axi_dpe_ila_v3.0/AXI-Dot-Product-Accelerator/Vivado/puzhi/puzhi.hw/backup/hw_ila_data_3.ila. Use Tcl command 'read_hw_ila_data' or Vivado File->Import->Import ILA Data menu item to import the previously saved data.
run_hw_ila [get_hw_ilas -of_objects [get_hw_devices xcku5p_0] -filter {CELL_NAME=~"u_ila_0"}] -trigger_now
INFO: [Labtools 27-1964] The ILA core 'hw_ila_3' trigger was armed at 2025-Jun-12 14:09:56
wait_on_hw_ila [get_hw_ilas -of_objects [get_hw_devices xcku5p_0] -filter {CELL_NAME=~"u_ila_0"}]
display_hw_ila_data [upload_hw_ila_data [get_hw_ilas -of_objects [get_hw_devices xcku5p_0] -filter {CELL_NAME=~"u_ila_0"}]]
INFO: [Labtools 27-1966] The ILA core 'hw_ila_3' triggered at 2025-Jun-12 14:09:56
INFO: [Labtools 27-3304] ILA Waveform data saved to file /home/ujaved/work_dir/axi_dpe_ila_v3.0/AXI-Dot-Product-Accelerator/Vivado/puzhi/puzhi.hw/backup/hw_ila_data_3.ila. Use Tcl command 'read_hw_ila_data' or Vivado File->Import->Import ILA Data menu item to import the previously saved data.
run_hw_ila [get_hw_ilas -of_objects [get_hw_devices xcku5p_0] -filter {CELL_NAME=~"u_ila_0"}] -trigger_now
INFO: [Labtools 27-1964] The ILA core 'hw_ila_3' trigger was armed at 2025-Jun-12 14:09:57
wait_on_hw_ila [get_hw_ilas -of_objects [get_hw_devices xcku5p_0] -filter {CELL_NAME=~"u_ila_0"}]
display_hw_ila_data [upload_hw_ila_data [get_hw_ilas -of_objects [get_hw_devices xcku5p_0] -filter {CELL_NAME=~"u_ila_0"}]]
INFO: [Labtools 27-1966] The ILA core 'hw_ila_3' triggered at 2025-Jun-12 14:09:57
INFO: [Labtools 27-3304] ILA Waveform data saved to file /home/ujaved/work_dir/axi_dpe_ila_v3.0/AXI-Dot-Product-Accelerator/Vivado/puzhi/puzhi.hw/backup/hw_ila_data_3.ila. Use Tcl command 'read_hw_ila_data' or Vivado File->Import->Import ILA Data menu item to import the previously saved data.
run_hw_ila [get_hw_ilas -of_objects [get_hw_devices xcku5p_0] -filter {CELL_NAME=~"u_ila_0"}] -trigger_now
INFO: [Labtools 27-1964] The ILA core 'hw_ila_3' trigger was armed at 2025-Jun-12 14:10:07
wait_on_hw_ila [get_hw_ilas -of_objects [get_hw_devices xcku5p_0] -filter {CELL_NAME=~"u_ila_0"}]
display_hw_ila_data [upload_hw_ila_data [get_hw_ilas -of_objects [get_hw_devices xcku5p_0] -filter {CELL_NAME=~"u_ila_0"}]]
INFO: [Labtools 27-1966] The ILA core 'hw_ila_3' triggered at 2025-Jun-12 14:10:07
INFO: [Labtools 27-3304] ILA Waveform data saved to file /home/ujaved/work_dir/axi_dpe_ila_v3.0/AXI-Dot-Product-Accelerator/Vivado/puzhi/puzhi.hw/backup/hw_ila_data_3.ila. Use Tcl command 'read_hw_ila_data' or Vivado File->Import->Import ILA Data menu item to import the previously saved data.
run_hw_ila [get_hw_ilas -of_objects [get_hw_devices xcku5p_0] -filter {CELL_NAME=~"u_ila_0"}] -trigger_now
INFO: [Labtools 27-1964] The ILA core 'hw_ila_3' trigger was armed at 2025-Jun-12 14:10:08
wait_on_hw_ila [get_hw_ilas -of_objects [get_hw_devices xcku5p_0] -filter {CELL_NAME=~"u_ila_0"}]
display_hw_ila_data [upload_hw_ila_data [get_hw_ilas -of_objects [get_hw_devices xcku5p_0] -filter {CELL_NAME=~"u_ila_0"}]]
INFO: [Labtools 27-1966] The ILA core 'hw_ila_3' triggered at 2025-Jun-12 14:10:08
INFO: [Labtools 27-3304] ILA Waveform data saved to file /home/ujaved/work_dir/axi_dpe_ila_v3.0/AXI-Dot-Product-Accelerator/Vivado/puzhi/puzhi.hw/backup/hw_ila_data_3.ila. Use Tcl command 'read_hw_ila_data' or Vivado File->Import->Import ILA Data menu item to import the previously saved data.
run_hw_ila [get_hw_ilas -of_objects [get_hw_devices xcku5p_0] -filter {CELL_NAME=~"u_ila_0"}] -trigger_now
INFO: [Labtools 27-1964] The ILA core 'hw_ila_3' trigger was armed at 2025-Jun-12 14:10:10
wait_on_hw_ila [get_hw_ilas -of_objects [get_hw_devices xcku5p_0] -filter {CELL_NAME=~"u_ila_0"}]
display_hw_ila_data [upload_hw_ila_data [get_hw_ilas -of_objects [get_hw_devices xcku5p_0] -filter {CELL_NAME=~"u_ila_0"}]]
INFO: [Labtools 27-1966] The ILA core 'hw_ila_3' triggered at 2025-Jun-12 14:10:10
INFO: [Labtools 27-3304] ILA Waveform data saved to file /home/ujaved/work_dir/axi_dpe_ila_v3.0/AXI-Dot-Product-Accelerator/Vivado/puzhi/puzhi.hw/backup/hw_ila_data_3.ila. Use Tcl command 'read_hw_ila_data' or Vivado File->Import->Import ILA Data menu item to import the previously saved data.
run_hw_ila [get_hw_ilas -of_objects [get_hw_devices xcku5p_0] -filter {CELL_NAME=~"u_ila_0"}]
INFO: [Labtools 27-1964] The ILA core 'hw_ila_3' trigger was armed at 2025-Jun-12 14:10:14
ERROR: [Xicom 50-38] xicom: Unable to connect to debug core(s) on the target device. Check cable connectivity and that the target board is powered up then use the disconnect_hw_server and connect_hw_server to re-initialize the hardware target. Use open_hw_target to re-register the hardware device.
ERROR: [Xicom 50-38] xicom: Unable to connect to debug core(s) on the target device. Check cable connectivity and that the target board is powered up then use the disconnect_hw_server and connect_hw_server to re-initialize the hardware target. Use open_hw_target to re-register the hardware device.
ERROR: [Xicom 50-38] xicom: Unable to connect to debug core(s) on the target device. Check cable connectivity and that the target board is powered up then use the disconnect_hw_server and connect_hw_server to re-initialize the hardware target. Use open_hw_target to re-register the hardware device.
ERROR: [Xicom 50-38] xicom: Unable to connect to debug core(s) on the target device. Check cable connectivity and that the target board is powered up then use the disconnect_hw_server and connect_hw_server to re-initialize the hardware target. Use open_hw_target to re-register the hardware device.
ERROR: [Xicom 50-38] xicom: Unable to connect to debug core(s) on the target device. Check cable connectivity and that the target board is powered up then use the disconnect_hw_server and connect_hw_server to re-initialize the hardware target. Use open_hw_target to re-register the hardware device.
ERROR: [Xicom 50-38] xicom: Unable to connect to debug core(s) on the target device. Check cable connectivity and that the target board is powered up then use the disconnect_hw_server and connect_hw_server to re-initialize the hardware target. Use open_hw_target to re-register the hardware device.
ERROR: [Xicom 50-38] xicom: Unable to connect to debug core(s) on the target device. Check cable connectivity and that the target board is powered up then use the disconnect_hw_server and connect_hw_server to re-initialize the hardware target. Use open_hw_target to re-register the hardware device.
ERROR: [Xicom 50-38] xicom: Unable to connect to debug core(s) on the target device. Check cable connectivity and that the target board is powered up then use the disconnect_hw_server and connect_hw_server to re-initialize the hardware target. Use open_hw_target to re-register the hardware device.
ERROR: [Xicom 50-38] xicom: Unable to connect to debug core(s) on the target device. Check cable connectivity and that the target board is powered up then use the disconnect_hw_server and connect_hw_server to re-initialize the hardware target. Use open_hw_target to re-register the hardware device.
ERROR: [Xicom 50-38] xicom: Unable to connect to debug core(s) on the target device. Check cable connectivity and that the target board is powered up then use the disconnect_hw_server and connect_hw_server to re-initialize the hardware target. Use open_hw_target to re-register the hardware device.
ERROR: [Xicom 50-38] xicom: Unable to connect to debug core(s) on the target device. Check cable connectivity and that the target board is powered up then use the disconnect_hw_server and connect_hw_server to re-initialize the hardware target. Use open_hw_target to re-register the hardware device.
ERROR: [Xicom 50-38] xicom: Unable to connect to debug core(s) on the target device. Check cable connectivity and that the target board is powered up then use the disconnect_hw_server and connect_hw_server to re-initialize the hardware target. Use open_hw_target to re-register the hardware device.
ERROR: [Xicom 50-38] xicom: Unable to connect to debug core(s) on the target device. Check cable connectivity and that the target board is powered up then use the disconnect_hw_server and connect_hw_server to re-initialize the hardware target. Use open_hw_target to re-register the hardware device.
ERROR: [Xicom 50-38] xicom: Unable to connect to debug core(s) on the target device. Check cable connectivity and that the target board is powered up then use the disconnect_hw_server and connect_hw_server to re-initialize the hardware target. Use open_hw_target to re-register the hardware device.
run_hw_ila [get_hw_ilas -of_objects [get_hw_devices xcku5p_0] -filter {CELL_NAME=~"u_ila_0"}]
INFO: [Labtools 27-1964] The ILA core 'hw_ila_3' trigger was armed at 2025-Jun-12 14:12:29
wait_on_hw_ila -timeout 0 [get_hw_ilas -of_objects [get_hw_devices xcku5p_0] -filter {CELL_NAME=~"u_ila_0"}]
upload_hw_ila_data [get_hw_ilas -of_objects [get_hw_devices xcku5p_0] -filter {CELL_NAME=~"u_ila_0"}]
INFO: [Labtools 27-1965] The ILA core 'hw_ila_3' trigger was stopped by user at 2025-Jun-12 14:12:51
WARNING: [Labtools 27-157] hw_ila [hw_ila_3] stopped. No data to upload.
run_hw_ila [get_hw_ilas -of_objects [get_hw_devices xcku5p_0] -filter {CELL_NAME=~"u_ila_0"}] -trigger_now
INFO: [Labtools 27-1964] The ILA core 'hw_ila_3' trigger was armed at 2025-Jun-12 14:12:51
wait_on_hw_ila [get_hw_ilas -of_objects [get_hw_devices xcku5p_0] -filter {CELL_NAME=~"u_ila_0"}]
display_hw_ila_data [upload_hw_ila_data [get_hw_ilas -of_objects [get_hw_devices xcku5p_0] -filter {CELL_NAME=~"u_ila_0"}]]
INFO: [Labtools 27-1966] The ILA core 'hw_ila_3' triggered at 2025-Jun-12 14:12:51
INFO: [Labtools 27-3304] ILA Waveform data saved to file /home/ujaved/work_dir/axi_dpe_ila_v3.0/AXI-Dot-Product-Accelerator/Vivado/puzhi/puzhi.hw/backup/hw_ila_data_3.ila. Use Tcl command 'read_hw_ila_data' or Vivado File->Import->Import ILA Data menu item to import the previously saved data.
