#-----------------------------------------------------------
# Vivado v2024.2 (64-bit)
# SW Build 5239630 on Fri Nov 08 22:34:34 MST 2024
# IP Build 5239520 on Sun Nov 10 16:12:51 MST 2024
# SharedData Build 5239561 on Fri Nov 08 14:39:27 MST 2024
# Start of session at: Wed Jun 11 20:51:40 2025
# Process ID         : 211250
# Current directory  : /home/malik/andromeda_ila/AXI-Dot-Product-Accelerator/Vivado/puzhi
# Command line       : vivado puzhi.xpr
# Log file           : /home/malik/andromeda_ila/AXI-Dot-Product-Accelerator/Vivado/puzhi/vivado.log
# Journal file       : /home/malik/andromeda_ila/AXI-Dot-Product-Accelerator/Vivado/puzhi/vivado.jou
# Running On         : dust2
# Platform           : Ubuntu
# Operating System   : Ubuntu 24.04.2 LTS
# Processor Detail   : Intel(R) Core(TM) Ultra 9 285K
# CPU Frequency      : 5234.477 MHz
# CPU Physical cores : 24
# CPU Logical cores  : 24
# Host memory        : 100557 MB
# Swap memory        : 8589 MB
# Total Virtual      : 109147 MB
# Available Virtual  : 102829 MB
#-----------------------------------------------------------
start_gui
open_project puzhi.xpr
WARNING: [Board 49-26] cannot add Board Part xilinx.com:zcu208ld:part0:2.0 available at /opt/tools/Xilinx/Vivado/2024.2/data/xhub/boards/XilinxBoardStore/boards/Xilinx/zcu208ld/production/2.0/board.xml as part xczu58dr-fsvg1517-2-i specified in board_part file is either invalid or not available
WARNING: [Board 49-26] cannot add Board Part xilinx.com:zcu216ld:part0:2.0 available at /opt/tools/Xilinx/Vivado/2024.2/data/xhub/boards/XilinxBoardStore/boards/Xilinx/zcu216ld/production/2.0/board.xml as part xczu59dr-ffvf1760-2-i specified in board_part file is either invalid or not available
WARNING: [Board 49-26] cannot add Board Part xilinx.com:zcu670ld:part0:1.0 available at /opt/tools/Xilinx/Vivado/2024.2/data/xhub/boards/XilinxBoardStore/boards/Xilinx/zcu670ld/1.0/board.xml as part xczu57dr-fsve1156-2-i specified in board_part file is either invalid or not available
Scanning sources...
Finished scanning sources
INFO: [IP_Flow 19-234] Refreshing IP repositories
INFO: [IP_Flow 19-1704] No user IP repositories specified
INFO: [IP_Flow 19-2313] Loaded Vivado IP repository '/opt/tools/Xilinx/Vivado/2024.2/data/ip'.
WARNING: [filemgmt 56-443] The ECC Algorithm string is empty. Setting the Memory Map to default ECC value to ECC_NONE.
WARNING: [filemgmt 56-443] The ECC Algorithm string is empty. Setting the Memory Map to default ECC value to ECC_NONE.
INFO: [Project 1-5579] Found utility IPs instantiated in one or more block designs which have equivalent inline hdl with improved performance and reduced diskspace. It is recommended to migrate these utility IPs to inline hdl using the command upgrade_project -migrate_to_inline_hdl. The utility IPs may be deprecated in future releases. More information on inline hdl is available in UG994.
open_project: Time (s): cpu = 00:00:10 ; elapsed = 00:00:05 . Memory (MB): peak = 8667.805 ; gain = 1063.453 ; free physical = 83931 ; free virtual = 96801
update_compile_order -fileset sources_1
open_run impl_1
INFO: [Device 21-403] Loading part xcku5p-ffvb676-2-i
Netlist sorting complete. Time (s): cpu = 00:00:02 ; elapsed = 00:00:02 . Memory (MB): peak = 13429.785 ; gain = 0.000 ; free physical = 79649 ; free virtual = 92519
INFO: [Netlist 29-17] Analyzing 17020 Unisim elements for replacement
INFO: [Netlist 29-28] Unisim Transformation completed in 1 CPU seconds
INFO: [Project 1-479] Netlist was created with Vivado 2024.2
INFO: [Project 1-570] Preparing netlist for logic optimization
WARNING: [Constraints 18-550] Could not create 'DRIVE' constraint because net 'andromeda_i/ddr4_0/inst/u_ddr4_mem_intfc/u_mig_ddr4_phy/cal_RESET_n[0]' is not directly connected to top level port. 'DRIVE' is ignored for synthesis but preserved for implementation.
WARNING: [Constraints 18-550] Could not create 'SLEW' constraint because net 'andromeda_i/ddr4_0/inst/u_ddr4_mem_intfc/u_mig_ddr4_phy/cal_RESET_n[0]' is not directly connected to top level port. 'SLEW' is ignored for synthesis but preserved for implementation.
WARNING: [Constraints 18-550] Could not create 'IBUF_LOW_PWR' constraint because net 'andromeda_i/ddr4_0/inst/u_ddr4_mem_intfc/u_mig_ddr4_phy/sys_clk_in' is not directly connected to top level port. 'IBUF_LOW_PWR' is ignored for synthesis but preserved for implementation.
Read ShapeDB Complete: Time (s): cpu = 00:00:00.4 ; elapsed = 00:00:00.39 . Memory (MB): peak = 14490.105 ; gain = 39.715 ; free physical = 79078 ; free virtual = 91948
INFO: [Timing 38-478] Restoring timing data from binary archive.
INFO: [Timing 38-479] Binary timing data restore complete.
INFO: [Project 1-856] Restoring constraints from binary archive.
INFO: [Project 1-853] Binary constraint restore complete.
INFO: [Designutils 20-5722] Start Reading Physical Databases.
Reading placement.
Read Netlist Cache: Time (s): cpu = 00:00:00.08 ; elapsed = 00:00:00.09 . Memory (MB): peak = 15646.125 ; gain = 0.000 ; free physical = 78174 ; free virtual = 91044
Reading placer database...
Read Device Cache: Time (s): cpu = 00:00:00.01 ; elapsed = 00:00:00.01 . Memory (MB): peak = 15646.125 ; gain = 0.000 ; free physical = 78182 ; free virtual = 91052
Read PlaceDB: Time (s): cpu = 00:00:03 ; elapsed = 00:00:03 . Memory (MB): peak = 15752.523 ; gain = 106.398 ; free physical = 78087 ; free virtual = 90957
Read PulsedLatchDB: Time (s): cpu = 00:00:00 ; elapsed = 00:00:00 . Memory (MB): peak = 15752.523 ; gain = 0.000 ; free physical = 78087 ; free virtual = 90957
Reading routing.
Read RouteStorage: Time (s): cpu = 00:00:02 ; elapsed = 00:00:00.83 . Memory (MB): peak = 15944.148 ; gain = 191.625 ; free physical = 77895 ; free virtual = 90765
Read Physdb Files: Time (s): cpu = 00:00:06 ; elapsed = 00:00:04 . Memory (MB): peak = 15944.148 ; gain = 298.023 ; free physical = 77895 ; free virtual = 90765
Restored from archive | CPU: 6.010000 secs | Memory: 341.794998 MB |
Finished XDEF File Restore: Time (s): cpu = 00:00:06 ; elapsed = 00:00:04 . Memory (MB): peak = 15944.148 ; gain = 298.023 ; free physical = 77895 ; free virtual = 90765
Generating merged BMM file for the design top 'andromeda_wrapper'...
Generating merged BMM file for the design top 'andromeda_ddr4_0_0'...
INFO: [Memdata 28-144] Successfully populated the BRAM INIT strings from the following elf files: /home/malik/andromeda_ila/AXI-Dot-Product-Accelerator/Vivado/puzhi/puzhi.gen/sources_1/bd/andromeda/ip/andromeda_ddr4_0_0/sw/calibration_0/Debug/calibration_ddr.elf /home/malik/andromeda_ila/AXI-Dot-Product-Accelerator/Vivado/puzhi/puzhi.gen/sources_1/bd/andromeda/ip/andromeda_ddr4_0_0/sw/calibration_0/Debug/calibration_ddr.elf /home/malik/andromeda_ila/AXI-Dot-Product-Accelerator/Vivado/puzhi/puzhi.gen/sources_1/bd/andromeda/ip/andromeda_microblaze_0_0/data/mb_bootloop_le.elf 
Netlist sorting complete. Time (s): cpu = 00:00:00.7 ; elapsed = 00:00:00.68 . Memory (MB): peak = 17714.430 ; gain = 0.000 ; free physical = 77039 ; free virtual = 90752
INFO: [Project 1-111] Unisim Transformation Summary:
  A total of 7522 instances were transformed.
  CFGLUT5 => CFGLUT5 (SRL16E, SRLC32E): 1868 instances
  DSP48E1 => DSP48E2 (DSP_ALU, DSP_A_B_DATA, DSP_C_DATA, DSP_MULTIPLIER, DSP_M_DATA, DSP_OUTPUT, DSP_PREADD, DSP_PREADD_DATA): 257 instances
  DSP48E2 => DSP48E2 (DSP_ALU, DSP_A_B_DATA, DSP_C_DATA, DSP_MULTIPLIER, DSP_M_DATA, DSP_OUTPUT, DSP_PREADD, DSP_PREADD_DATA): 256 instances
  IBUF => IBUF (IBUFCTRL, INBUF): 6 instances
  IBUFDS => IBUFDS (DIFFINBUF, IBUFCTRL): 1 instance 
  IOBUF => IOBUF (IBUFCTRL, INBUF, OBUFT): 1 instance 
  IOBUFDS => IOBUFDS (DIFFINBUF, IBUFCTRL, INV, OBUFT(x2)): 4 instances
  IOBUFE3 => IOBUFE3 (IBUFCTRL, INBUF, OBUFT_DCIEN): 36 instances
  LUT6_2 => LUT6_2 (LUT5, LUT6): 110 instances
  OBUFDS => OBUFDS_DUAL_BUF (INV, OBUF(x2)): 1 instance 
  RAM128X1D => RAM128X1D (MUXF7(x2), RAMD64E(x4)): 256 instances
  RAM16X1D => RAM32X1D (RAMD32(x2)): 7 instances
  RAM16X1S => RAM32X1S (RAMS32): 4096 instances
  RAM32M => RAM32M (RAMD32(x6), RAMS32(x2)): 135 instances
  RAM32M16 => RAM32M16 (RAMD32(x14), RAMS32(x2)): 409 instances
  RAM32X1D => RAM32X1D (RAMD32(x2)): 4 instances
  RAM64M8 => RAM64M8 (RAMD64E(x8)): 74 instances
  SRLC16E => SRL16E: 1 instance 

open_run: Time (s): cpu = 00:01:08 ; elapsed = 00:00:49 . Memory (MB): peak = 17714.430 ; gain = 8325.535 ; free physical = 76623 ; free virtual = 90355
exit
INFO: [Common 17-206] Exiting Vivado at Wed Jun 11 20:54:01 2025...
