#-----------------------------------------------------------
# Vivado v2024.2 (64-bit)
# SW Build 5239630 on Fri Nov 08 22:34:34 MST 2024
# IP Build 5239520 on Sun Nov 10 16:12:51 MST 2024
# SharedData Build 5239561 on Fri Nov 08 14:39:27 MST 2024
# Start of session at: Wed Jun 11 20:54:45 2025
# Process ID         : 212153
# Current directory  : /home/malik/andromeda_ila/AXI-Dot-Product-Accelerator/Vivado/puzhi
# Command line       : vivado puzhi.xpr
# Log file           : /home/malik/andromeda_ila/AXI-Dot-Product-Accelerator/Vivado/puzhi/vivado.log
# Journal file       : /home/malik/andromeda_ila/AXI-Dot-Product-Accelerator/Vivado/puzhi/vivado.jou
# Running On         : dust2
# Platform           : Ubuntu
# Operating System   : Ubuntu 24.04.2 LTS
# Processor Detail   : Intel(R) Core(TM) Ultra 9 285K
# CPU Frequency      : 5205.877 MHz
# CPU Physical cores : 24
# CPU Logical cores  : 24
# Host memory        : 100557 MB
# Swap memory        : 8589 MB
# Total Virtual      : 109147 MB
# Available Virtual  : 102805 MB
#-----------------------------------------------------------
start_gui
open_project puzhi.xpr
WARNING: [Board 49-26] cannot add Board Part xilinx.com:zcu208ld:part0:2.0 available at /opt/tools/Xilinx/Vivado/2024.2/data/xhub/boards/XilinxBoardStore/boards/Xilinx/zcu208ld/production/2.0/board.xml as part xczu58dr-fsvg1517-2-i specified in board_part file is either invalid or not available
WARNING: [Board 49-26] cannot add Board Part xilinx.com:zcu216ld:part0:2.0 available at /opt/tools/Xilinx/Vivado/2024.2/data/xhub/boards/XilinxBoardStore/boards/Xilinx/zcu216ld/production/2.0/board.xml as part xczu59dr-ffvf1760-2-i specified in board_part file is either invalid or not available
WARNING: [Board 49-26] cannot add Board Part xilinx.com:zcu670ld:part0:1.0 available at /opt/tools/Xilinx/Vivado/2024.2/data/xhub/boards/XilinxBoardStore/boards/Xilinx/zcu670ld/1.0/board.xml as part xczu57dr-fsve1156-2-i specified in board_part file is either invalid or not available
Scanning sources...
Finished scanning sources
INFO: [IP_Flow 19-234] Refreshing IP repositories
INFO: [IP_Flow 19-1704] No user IP repositories specified
INFO: [IP_Flow 19-2313] Loaded Vivado IP repository '/opt/tools/Xilinx/Vivado/2024.2/data/ip'.
WARNING: [filemgmt 56-443] The ECC Algorithm string is empty. Setting the Memory Map to default ECC value to ECC_NONE.
WARNING: [filemgmt 56-443] The ECC Algorithm string is empty. Setting the Memory Map to default ECC value to ECC_NONE.
INFO: [Project 1-5579] Found utility IPs instantiated in one or more block designs which have equivalent inline hdl with improved performance and reduced diskspace. It is recommended to migrate these utility IPs to inline hdl using the command upgrade_project -migrate_to_inline_hdl. The utility IPs may be deprecated in future releases. More information on inline hdl is available in UG994.
open_project: Time (s): cpu = 00:00:10 ; elapsed = 00:00:05 . Memory (MB): peak = 8672.160 ; gain = 1072.758 ; free physical = 83939 ; free virtual = 96809
update_compile_order -fileset sources_1
open_bd_design {/home/malik/andromeda_ila/AXI-Dot-Product-Accelerator/Vivado/puzhi/puzhi.srcs/sources_1/bd/andromeda/andromeda.bd}
Reading block design file </home/malik/andromeda_ila/AXI-Dot-Product-Accelerator/Vivado/puzhi/puzhi.srcs/sources_1/bd/andromeda/andromeda.bd>...
Adding component instance block -- xilinx.com:ip:ddr4:2.2 - ddr4_0
Adding component instance block -- xilinx.com:ip:ila:6.2 - ila_0
INFO: [xilinx.com:ip:ila:6.2-6] /ila_0: AMD recommends using the System ILA IP in IP Integrator. The System ILA IP is functionally equivalent to an ILA and offers additional benefits in debugging interfaces both within IP Integrator and the Hardware Manager. Consult the Programming and Debug User Guide UG908 for further details.
Adding component instance block -- xilinx.com:ip:util_vector_logic:2.0 - util_vector_logic_0
Adding component instance block -- xilinx.com:ip:microblaze:11.0 - microblaze_0
Adding component instance block -- xilinx.com:ip:axi_uartlite:2.0 - axi_uartlite_0
Adding component instance block -- xilinx.com:module_ref:sd_controller_wrapper:1.0 - sd_controller_wrapper_0
Adding component instance block -- xilinx.com:ip:axi_timer:2.0 - axi_timer_0
Adding component instance block -- xilinx.com:ip:lmb_v10:3.0 - dlmb_v10
Adding component instance block -- xilinx.com:ip:lmb_v10:3.0 - ilmb_v10
Adding component instance block -- xilinx.com:ip:lmb_bram_if_cntlr:4.0 - dlmb_bram_if_cntlr
Adding component instance block -- xilinx.com:ip:lmb_bram_if_cntlr:4.0 - ilmb_bram_if_cntlr
Adding component instance block -- xilinx.com:ip:blk_mem_gen:8.4 - lmb_bram
Adding component instance block -- xilinx.com:ip:proc_sys_reset:5.0 - rst_ddr4_0_333M
Adding component instance block -- xilinx.com:ip:proc_sys_reset:5.0 - rst_ddr4_0_100M
Adding component instance block -- xilinx.com:ip:smartconnect:1.0 - axi_smc
Adding component instance block -- xilinx.com:module_ref:axi_dpe:1.0 - axi_dpe_0
Adding component instance block -- xilinx.com:ip:mdm:3.2 - mdm_0
Adding component instance block -- xilinx.com:ip:system_ila:1.1 - system_ila_0
Excluding slave segment /axi_dpe_0/s_axi/reg0 from address space /sd_controller_wrapper_0/axi.
Excluding slave segment /axi_timer_0/S_AXI/Reg from address space /sd_controller_wrapper_0/axi.
Excluding slave segment /axi_uartlite_0/S_AXI/Reg from address space /sd_controller_wrapper_0/axi.
Excluding slave segment /sd_controller_wrapper_0/axilite/reg0 from address space /sd_controller_wrapper_0/axi.
Excluding slave segment /axi_dpe_0/s_axi/reg0 from address space /axi_dpe_0/m_axi.
Excluding slave segment /axi_timer_0/S_AXI/Reg from address space /axi_dpe_0/m_axi.
Excluding slave segment /axi_uartlite_0/S_AXI/Reg from address space /axi_dpe_0/m_axi.
Excluding slave segment /sd_controller_wrapper_0/axilite/reg0 from address space /axi_dpe_0/m_axi.
Successfully read diagram <andromeda> from block design file </home/malik/andromeda_ila/AXI-Dot-Product-Accelerator/Vivado/puzhi/puzhi.srcs/sources_1/bd/andromeda/andromeda.bd>
exit
INFO: [Common 17-206] Exiting Vivado at Wed Jun 11 20:55:50 2025...
