
*** Running vivado
    with args -log floating_point_0.vds -m64 -product Vivado -mode batch -messageDb vivado.pb -notrace -source floating_point_0.tcl


****** Vivado v2024.2 (64-bit)
  **** SW Build 5239630 on Fri Nov 08 22:34:34 MST 2024
  **** IP Build 5239520 on Sun Nov 10 16:12:51 MST 2024
  **** SharedData Build 5239561 on Fri Nov 08 14:39:27 MST 2024
  **** Start of session at: Wed Jun 11 15:38:14 2025
    ** Copyright 1986-2022 Xilinx, Inc. All Rights Reserved.
    ** Copyright 2022-2024 Advanced Micro Devices, Inc. All Rights Reserved.

source floating_point_0.tcl -notrace
Command: synth_design -top floating_point_0 -part xcku5p-ffvb676-2-i -incremental_mode off -mode out_of_context
Starting synth_design
Attempting to get a license for feature 'Synthesis' and/or device 'xcku5p'
INFO: [Common 17-349] Got license for feature 'Synthesis' and/or device 'xcku5p'
INFO: [Device 21-403] Loading part xcku5p-ffvb676-2-i
INFO: [Synth 8-7079] Multithreading enabled for synth_design using a maximum of 7 processes.
INFO: [Synth 8-7078] Launching helper process for spawning children vivado processes
INFO: [Synth 8-7075] Helper process launched with PID 7565
---------------------------------------------------------------------------------
Starting RTL Elaboration : Time (s): cpu = 00:00:02 ; elapsed = 00:00:02 . Memory (MB): peak = 2719.160 ; gain = 156.859 ; free physical = 65304 ; free virtual = 76577
---------------------------------------------------------------------------------
INFO: [Synth 8-6157] synthesizing module 'floating_point_0' [/home/malik/andromeda_ila/AXI-Dot-Product-Accelerator/Vivado/puzhi/puzhi.gen/sources_1/ip/floating_point_0/synth/floating_point_0.v:53]
INFO: [Synth 8-6157] synthesizing module 'LUT1' [/opt/tools/Xilinx/Vivado/2024.2/scripts/rt/data/unisim_comp.v:84087]
INFO: [Synth 8-6155] done synthesizing module 'LUT1' (0#1) [/opt/tools/Xilinx/Vivado/2024.2/scripts/rt/data/unisim_comp.v:84087]
INFO: [Synth 8-6155] done synthesizing module 'floating_point_0' (0#1) [/home/malik/andromeda_ila/AXI-Dot-Product-Accelerator/Vivado/puzhi/puzhi.gen/sources_1/ip/floating_point_0/synth/floating_point_0.v:53]
WARNING: [Synth 8-7129] Port CLK in module xbip_pipe_v3_0_10_viv__parameterized5 is either unconnected or has no load
WARNING: [Synth 8-7129] Port CE in module xbip_pipe_v3_0_10_viv__parameterized5 is either unconnected or has no load
WARNING: [Synth 8-7129] Port SCLR in module xbip_pipe_v3_0_10_viv__parameterized5 is either unconnected or has no load
WARNING: [Synth 8-7129] Port SSET in module xbip_pipe_v3_0_10_viv__parameterized5 is either unconnected or has no load
WARNING: [Synth 8-7129] Port SINIT in module xbip_pipe_v3_0_10_viv__parameterized5 is either unconnected or has no load
WARNING: [Synth 8-7129] Port CLK in module xbip_pipe_v3_0_10_viv__parameterized1 is either unconnected or has no load
WARNING: [Synth 8-7129] Port CE in module xbip_pipe_v3_0_10_viv__parameterized1 is either unconnected or has no load
WARNING: [Synth 8-7129] Port SCLR in module xbip_pipe_v3_0_10_viv__parameterized1 is either unconnected or has no load
WARNING: [Synth 8-7129] Port SSET in module xbip_pipe_v3_0_10_viv__parameterized1 is either unconnected or has no load
WARNING: [Synth 8-7129] Port SINIT in module xbip_pipe_v3_0_10_viv__parameterized1 is either unconnected or has no load
WARNING: [Synth 8-7129] Port DEC_OP_STATE[11] in module flt_dec_op is either unconnected or has no load
WARNING: [Synth 8-7129] Port DEC_OP_STATE[10] in module flt_dec_op is either unconnected or has no load
WARNING: [Synth 8-7129] Port DEC_OP_STATE[9] in module flt_dec_op is either unconnected or has no load
WARNING: [Synth 8-7129] Port DEC_OP_STATE[8] in module flt_dec_op is either unconnected or has no load
WARNING: [Synth 8-7129] Port CLK in module flt_dec_op is either unconnected or has no load
WARNING: [Synth 8-7129] Port CE in module flt_dec_op is either unconnected or has no load
WARNING: [Synth 8-7129] Port CLK in module xbip_pipe_v3_0_10_viv__parameterized21 is either unconnected or has no load
WARNING: [Synth 8-7129] Port CE in module xbip_pipe_v3_0_10_viv__parameterized21 is either unconnected or has no load
WARNING: [Synth 8-7129] Port SCLR in module xbip_pipe_v3_0_10_viv__parameterized21 is either unconnected or has no load
WARNING: [Synth 8-7129] Port SSET in module xbip_pipe_v3_0_10_viv__parameterized21 is either unconnected or has no load
WARNING: [Synth 8-7129] Port SINIT in module xbip_pipe_v3_0_10_viv__parameterized21 is either unconnected or has no load
WARNING: [Synth 8-7129] Port A[30] in module fix_to_flt_conv_exp is either unconnected or has no load
WARNING: [Synth 8-7129] Port A[29] in module fix_to_flt_conv_exp is either unconnected or has no load
WARNING: [Synth 8-7129] Port A[28] in module fix_to_flt_conv_exp is either unconnected or has no load
WARNING: [Synth 8-7129] Port A[27] in module fix_to_flt_conv_exp is either unconnected or has no load
WARNING: [Synth 8-7129] Port A[26] in module fix_to_flt_conv_exp is either unconnected or has no load
WARNING: [Synth 8-7129] Port A[25] in module fix_to_flt_conv_exp is either unconnected or has no load
WARNING: [Synth 8-7129] Port A[24] in module fix_to_flt_conv_exp is either unconnected or has no load
WARNING: [Synth 8-7129] Port A[23] in module fix_to_flt_conv_exp is either unconnected or has no load
WARNING: [Synth 8-7129] Port A[22] in module fix_to_flt_conv_exp is either unconnected or has no load
WARNING: [Synth 8-7129] Port A[21] in module fix_to_flt_conv_exp is either unconnected or has no load
WARNING: [Synth 8-7129] Port A[20] in module fix_to_flt_conv_exp is either unconnected or has no load
WARNING: [Synth 8-7129] Port A[19] in module fix_to_flt_conv_exp is either unconnected or has no load
WARNING: [Synth 8-7129] Port A[18] in module fix_to_flt_conv_exp is either unconnected or has no load
WARNING: [Synth 8-7129] Port A[17] in module fix_to_flt_conv_exp is either unconnected or has no load
WARNING: [Synth 8-7129] Port A[16] in module fix_to_flt_conv_exp is either unconnected or has no load
WARNING: [Synth 8-7129] Port A[15] in module fix_to_flt_conv_exp is either unconnected or has no load
WARNING: [Synth 8-7129] Port A[14] in module fix_to_flt_conv_exp is either unconnected or has no load
WARNING: [Synth 8-7129] Port A[13] in module fix_to_flt_conv_exp is either unconnected or has no load
WARNING: [Synth 8-7129] Port A[12] in module fix_to_flt_conv_exp is either unconnected or has no load
WARNING: [Synth 8-7129] Port A[11] in module fix_to_flt_conv_exp is either unconnected or has no load
WARNING: [Synth 8-7129] Port A[10] in module fix_to_flt_conv_exp is either unconnected or has no load
WARNING: [Synth 8-7129] Port A[9] in module fix_to_flt_conv_exp is either unconnected or has no load
WARNING: [Synth 8-7129] Port A[8] in module fix_to_flt_conv_exp is either unconnected or has no load
WARNING: [Synth 8-7129] Port A[7] in module fix_to_flt_conv_exp is either unconnected or has no load
WARNING: [Synth 8-7129] Port A[6] in module fix_to_flt_conv_exp is either unconnected or has no load
WARNING: [Synth 8-7129] Port A[5] in module fix_to_flt_conv_exp is either unconnected or has no load
WARNING: [Synth 8-7129] Port A[4] in module fix_to_flt_conv_exp is either unconnected or has no load
WARNING: [Synth 8-7129] Port A[3] in module fix_to_flt_conv_exp is either unconnected or has no load
WARNING: [Synth 8-7129] Port A[2] in module fix_to_flt_conv_exp is either unconnected or has no load
WARNING: [Synth 8-7129] Port A[1] in module fix_to_flt_conv_exp is either unconnected or has no load
WARNING: [Synth 8-7129] Port A[0] in module fix_to_flt_conv_exp is either unconnected or has no load
WARNING: [Synth 8-7129] Port CLK in module xbip_pipe_v3_0_10_viv__parameterized25 is either unconnected or has no load
WARNING: [Synth 8-7129] Port CE in module xbip_pipe_v3_0_10_viv__parameterized25 is either unconnected or has no load
WARNING: [Synth 8-7129] Port SCLR in module xbip_pipe_v3_0_10_viv__parameterized25 is either unconnected or has no load
WARNING: [Synth 8-7129] Port SSET in module xbip_pipe_v3_0_10_viv__parameterized25 is either unconnected or has no load
WARNING: [Synth 8-7129] Port SINIT in module xbip_pipe_v3_0_10_viv__parameterized25 is either unconnected or has no load
WARNING: [Synth 8-7129] Port B[11] in module carry_chain__parameterized3 is either unconnected or has no load
WARNING: [Synth 8-7129] Port CLK in module xbip_pipe_v3_0_10_viv__parameterized9 is either unconnected or has no load
WARNING: [Synth 8-7129] Port CE in module xbip_pipe_v3_0_10_viv__parameterized9 is either unconnected or has no load
WARNING: [Synth 8-7129] Port SCLR in module xbip_pipe_v3_0_10_viv__parameterized9 is either unconnected or has no load
WARNING: [Synth 8-7129] Port SSET in module xbip_pipe_v3_0_10_viv__parameterized9 is either unconnected or has no load
WARNING: [Synth 8-7129] Port SINIT in module xbip_pipe_v3_0_10_viv__parameterized9 is either unconnected or has no load
WARNING: [Synth 8-7129] Port CLK in module xbip_pipe_v3_0_10_viv__parameterized19 is either unconnected or has no load
WARNING: [Synth 8-7129] Port CE in module xbip_pipe_v3_0_10_viv__parameterized19 is either unconnected or has no load
WARNING: [Synth 8-7129] Port SCLR in module xbip_pipe_v3_0_10_viv__parameterized19 is either unconnected or has no load
WARNING: [Synth 8-7129] Port SSET in module xbip_pipe_v3_0_10_viv__parameterized19 is either unconnected or has no load
WARNING: [Synth 8-7129] Port SINIT in module xbip_pipe_v3_0_10_viv__parameterized19 is either unconnected or has no load
WARNING: [Synth 8-7129] Port NORMALIZE[1] in module flt_round_bit is either unconnected or has no load
WARNING: [Synth 8-7129] Port FIXED_POINT in module flt_round_bit is either unconnected or has no load
WARNING: [Synth 8-7129] Port FIX_MANT_SIGN in module flt_round_bit is either unconnected or has no load
WARNING: [Synth 8-7129] Port SIGN in module flt_round_bit is either unconnected or has no load
WARNING: [Synth 8-7129] Port CLK in module xbip_pipe_v3_0_10_viv__parameterized23 is either unconnected or has no load
WARNING: [Synth 8-7129] Port CE in module xbip_pipe_v3_0_10_viv__parameterized23 is either unconnected or has no load
WARNING: [Synth 8-7129] Port SCLR in module xbip_pipe_v3_0_10_viv__parameterized23 is either unconnected or has no load
WARNING: [Synth 8-7129] Port SSET in module xbip_pipe_v3_0_10_viv__parameterized23 is either unconnected or has no load
WARNING: [Synth 8-7129] Port SINIT in module xbip_pipe_v3_0_10_viv__parameterized23 is either unconnected or has no load
WARNING: [Synth 8-7129] Port CLK in module xbip_pipe_v3_0_10_viv__parameterized17 is either unconnected or has no load
WARNING: [Synth 8-7129] Port CE in module xbip_pipe_v3_0_10_viv__parameterized17 is either unconnected or has no load
WARNING: [Synth 8-7129] Port SCLR in module xbip_pipe_v3_0_10_viv__parameterized17 is either unconnected or has no load
WARNING: [Synth 8-7129] Port SSET in module xbip_pipe_v3_0_10_viv__parameterized17 is either unconnected or has no load
WARNING: [Synth 8-7129] Port SINIT in module xbip_pipe_v3_0_10_viv__parameterized17 is either unconnected or has no load
WARNING: [Synth 8-7129] Port CLK in module xbip_pipe_v3_0_10_viv__parameterized15 is either unconnected or has no load
WARNING: [Synth 8-7129] Port CE in module xbip_pipe_v3_0_10_viv__parameterized15 is either unconnected or has no load
WARNING: [Synth 8-7129] Port SCLR in module xbip_pipe_v3_0_10_viv__parameterized15 is either unconnected or has no load
WARNING: [Synth 8-7129] Port SSET in module xbip_pipe_v3_0_10_viv__parameterized15 is either unconnected or has no load
WARNING: [Synth 8-7129] Port SINIT in module xbip_pipe_v3_0_10_viv__parameterized15 is either unconnected or has no load
WARNING: [Synth 8-7129] Port EXP_OUT[7] in module renorm_and_round_logic is either unconnected or has no load
WARNING: [Synth 8-7129] Port EXP_OUT[6] in module renorm_and_round_logic is either unconnected or has no load
WARNING: [Synth 8-7129] Port EXP_OUT[5] in module renorm_and_round_logic is either unconnected or has no load
WARNING: [Synth 8-7129] Port EXP_OUT[4] in module renorm_and_round_logic is either unconnected or has no load
WARNING: [Synth 8-7129] Port EXP_OUT[3] in module renorm_and_round_logic is either unconnected or has no load
WARNING: [Synth 8-7129] Port EXP_OUT[2] in module renorm_and_round_logic is either unconnected or has no load
WARNING: [Synth 8-7129] Port EXP_OUT[1] in module renorm_and_round_logic is either unconnected or has no load
WARNING: [Synth 8-7129] Port EXP_OUT[0] in module renorm_and_round_logic is either unconnected or has no load
WARNING: [Synth 8-7129] Port EXP_INC_IN in module renorm_and_round_logic is either unconnected or has no load
WARNING: [Synth 8-7129] Port DISTANCE[7] in module shift_msb_first is either unconnected or has no load
WARNING: [Synth 8-7129] Port DISTANCE[6] in module shift_msb_first is either unconnected or has no load
WARNING: [Synth 8-7129] Port DISTANCE[5] in module shift_msb_first is either unconnected or has no load
WARNING: [Synth 8-7129] Port DISTANCE[0] in module shift_msb_first is either unconnected or has no load
INFO: [Common 17-14] Message 'Synth 8-7129' appears 100 times and further instances of the messages will be disabled. Use the Tcl command set_msg_config to change the current settings.
---------------------------------------------------------------------------------
Finished RTL Elaboration : Time (s): cpu = 00:00:03 ; elapsed = 00:00:04 . Memory (MB): peak = 2852.098 ; gain = 289.797 ; free physical = 63267 ; free virtual = 74558
---------------------------------------------------------------------------------
---------------------------------------------------------------------------------
Start Handling Custom Attributes
---------------------------------------------------------------------------------
---------------------------------------------------------------------------------
Finished Handling Custom Attributes : Time (s): cpu = 00:00:03 ; elapsed = 00:00:04 . Memory (MB): peak = 2852.098 ; gain = 289.797 ; free physical = 63236 ; free virtual = 74526
---------------------------------------------------------------------------------
---------------------------------------------------------------------------------
Finished RTL Optimization Phase 1 : Time (s): cpu = 00:00:03 ; elapsed = 00:00:04 . Memory (MB): peak = 2852.098 ; gain = 289.797 ; free physical = 63236 ; free virtual = 74526
---------------------------------------------------------------------------------
Netlist sorting complete. Time (s): cpu = 00:00:00 ; elapsed = 00:00:00 . Memory (MB): peak = 2852.098 ; gain = 0.000 ; free physical = 63165 ; free virtual = 74457
INFO: [Netlist 29-17] Analyzing 133 Unisim elements for replacement
INFO: [Netlist 29-28] Unisim Transformation completed in 0 CPU seconds
INFO: [Project 1-570] Preparing netlist for logic optimization

Processing XDC Constraints
Initializing timing engine
Parsing XDC File [/home/malik/andromeda_ila/AXI-Dot-Product-Accelerator/Vivado/puzhi/puzhi.gen/sources_1/ip/floating_point_0/floating_point_0_ooc.xdc] for cell 'inst'
Finished Parsing XDC File [/home/malik/andromeda_ila/AXI-Dot-Product-Accelerator/Vivado/puzhi/puzhi.gen/sources_1/ip/floating_point_0/floating_point_0_ooc.xdc] for cell 'inst'
Parsing XDC File [/home/malik/andromeda_ila/AXI-Dot-Product-Accelerator/Vivado/puzhi/puzhi.runs/floating_point_0_synth_1/dont_touch.xdc]
Finished Parsing XDC File [/home/malik/andromeda_ila/AXI-Dot-Product-Accelerator/Vivado/puzhi/puzhi.runs/floating_point_0_synth_1/dont_touch.xdc]
Completed Processing XDC Constraints

Netlist sorting complete. Time (s): cpu = 00:00:00 ; elapsed = 00:00:00 . Memory (MB): peak = 2968.973 ; gain = 0.000 ; free physical = 62172 ; free virtual = 73467
INFO: [Project 1-111] Unisim Transformation Summary:
No Unisim elements were transformed.

Constraint Validation Runtime : Time (s): cpu = 00:00:00.02 ; elapsed = 00:00:00.01 . Memory (MB): peak = 2968.973 ; gain = 0.000 ; free physical = 62156 ; free virtual = 73452
INFO: [Designutils 20-5008] Incremental synthesis strategy off
---------------------------------------------------------------------------------
Finished Constraint Validation : Time (s): cpu = 00:00:08 ; elapsed = 00:00:08 . Memory (MB): peak = 2968.973 ; gain = 406.672 ; free physical = 61594 ; free virtual = 72957
---------------------------------------------------------------------------------
---------------------------------------------------------------------------------
Start Loading Part and Timing Information
---------------------------------------------------------------------------------
Loading part: xcku5p-ffvb676-2-i
INFO: [Synth 8-6742] Reading net delay rules and data
---------------------------------------------------------------------------------
Finished Loading Part and Timing Information : Time (s): cpu = 00:00:08 ; elapsed = 00:00:08 . Memory (MB): peak = 2976.977 ; gain = 414.676 ; free physical = 61594 ; free virtual = 72957
---------------------------------------------------------------------------------
---------------------------------------------------------------------------------
Start Applying 'set_property' XDC Constraints
---------------------------------------------------------------------------------
Applied set_property KEEP_HIERARCHY = SOFT for inst. (constraint file  /home/malik/andromeda_ila/AXI-Dot-Product-Accelerator/Vivado/puzhi/puzhi.runs/floating_point_0_synth_1/dont_touch.xdc, line 9).
---------------------------------------------------------------------------------
Finished applying 'set_property' XDC Constraints : Time (s): cpu = 00:00:08 ; elapsed = 00:00:08 . Memory (MB): peak = 2976.977 ; gain = 414.676 ; free physical = 61586 ; free virtual = 72949
---------------------------------------------------------------------------------
---------------------------------------------------------------------------------
Finished RTL Optimization Phase 2 : Time (s): cpu = 00:00:08 ; elapsed = 00:00:08 . Memory (MB): peak = 2976.977 ; gain = 414.676 ; free physical = 61533 ; free virtual = 72909
---------------------------------------------------------------------------------
INFO: [Synth 8-223] decloning instance 'inst/i_synth/FIX_TO_FLT_OP.SPD.OP/ROUND/EXTRA_LSB_BIT_DEL' (delay__parameterized2) to 'inst/i_synth/FIX_TO_FLT_OP.SPD.OP/ROUND/EXTRA_LSB_RND1_DEL'
INFO: [Synth 8-223] decloning instance 'inst/i_synth/FIX_TO_FLT_OP.SPD.OP/ROUND/EXP_INC_DELAY' (delay__parameterized2) to 'inst/i_synth/FIX_TO_FLT_OP.SPD.OP/ROUND/EXP_INC_RND1_DELAY'
INFO: [Synth 8-223] decloning instance 'inst/i_synth/FIX_TO_FLT_OP.SPD.OP/ROUND/EXP_IN_DELAY.EXP_IN_DEL' (delay__parameterized10) to 'inst/i_synth/FIX_TO_FLT_OP.SPD.OP/ROUND/EXP_RND2_DELAY.EXP_RND_DEL'
INFO: [Synth 8-223] decloning instance 'inst/i_synth/FIX_TO_FLT_OP.SPD.OP/ROUND/EXP_IN_DELAY.EXP_OFF_OP_DEL' (delay__parameterized10) to 'inst/i_synth/FIX_TO_FLT_OP.SPD.OP/ROUND/EXP_RND2_DELAY.EXP_OFF_RND_DEL'
INFO: [Synth 8-223] decloning instance 'inst/i_synth/DELAY_INVALID_OP' (delay__parameterized2) to 'inst/i_synth/DELAY_DIVIDE_BY_ZERO'
INFO: [Synth 8-223] decloning instance 'inst/i_synth/DELAY_INVALID_OP' (delay__parameterized2) to 'inst/i_synth/DELAY_OVERFLOW'
INFO: [Synth 8-223] decloning instance 'inst/i_synth/DELAY_INVALID_OP' (delay__parameterized2) to 'inst/i_synth/DELAY_UNDERFLOW'
INFO: [Synth 8-223] decloning instance 'inst/i_synth/DELAY_INVALID_OP' (delay__parameterized2) to 'inst/i_synth/DELAY_ACCUM_OVERFLOW'
INFO: [Synth 8-223] decloning instance 'inst/i_synth/DELAY_INVALID_OP' (delay__parameterized2) to 'inst/i_synth/DELAY_ACCUM_INPUT_OVERFLOW'
---------------------------------------------------------------------------------
Start RTL Component Statistics 
---------------------------------------------------------------------------------
---------------------------------------------------------------------------------
Finished RTL Component Statistics 
---------------------------------------------------------------------------------
---------------------------------------------------------------------------------
Start Part Resource Summary
---------------------------------------------------------------------------------
Part Resources:
DSPs: 1824 (col length:96)
BRAMs: 960 (col length: RAMB18 96 RAMB36 48)
---------------------------------------------------------------------------------
Finished Part Resource Summary
---------------------------------------------------------------------------------
---------------------------------------------------------------------------------
Start Cross Boundary and Area Optimization
---------------------------------------------------------------------------------
WARNING: [Synth 8-7080] Parallel synthesis criteria is not met
---------------------------------------------------------------------------------
Finished Cross Boundary and Area Optimization : Time (s): cpu = 00:00:08 ; elapsed = 00:00:09 . Memory (MB): peak = 2976.977 ; gain = 414.676 ; free physical = 61493 ; free virtual = 72816
---------------------------------------------------------------------------------
---------------------------------------------------------------------------------
Start Applying XDC Timing Constraints
---------------------------------------------------------------------------------
---------------------------------------------------------------------------------
Finished Applying XDC Timing Constraints : Time (s): cpu = 00:00:12 ; elapsed = 00:00:12 . Memory (MB): peak = 3441.145 ; gain = 878.844 ; free physical = 58537 ; free virtual = 69913
---------------------------------------------------------------------------------
---------------------------------------------------------------------------------
Start Timing Optimization
---------------------------------------------------------------------------------
---------------------------------------------------------------------------------
Finished Timing Optimization : Time (s): cpu = 00:00:12 ; elapsed = 00:00:12 . Memory (MB): peak = 3461.176 ; gain = 898.875 ; free physical = 58482 ; free virtual = 69858
---------------------------------------------------------------------------------
---------------------------------------------------------------------------------
Start Technology Mapping
---------------------------------------------------------------------------------
---------------------------------------------------------------------------------
Finished Technology Mapping : Time (s): cpu = 00:00:12 ; elapsed = 00:00:12 . Memory (MB): peak = 3461.176 ; gain = 898.875 ; free physical = 58466 ; free virtual = 69842
---------------------------------------------------------------------------------
---------------------------------------------------------------------------------
Start IO Insertion
---------------------------------------------------------------------------------
---------------------------------------------------------------------------------
Start Flattening Before IO Insertion
---------------------------------------------------------------------------------
---------------------------------------------------------------------------------
Finished Flattening Before IO Insertion
---------------------------------------------------------------------------------
---------------------------------------------------------------------------------
Start Final Netlist Cleanup
---------------------------------------------------------------------------------
---------------------------------------------------------------------------------
Finished Final Netlist Cleanup
---------------------------------------------------------------------------------
---------------------------------------------------------------------------------
Finished IO Insertion : Time (s): cpu = 00:00:13 ; elapsed = 00:00:14 . Memory (MB): peak = 3611.988 ; gain = 1049.688 ; free physical = 57136 ; free virtual = 68514
---------------------------------------------------------------------------------
---------------------------------------------------------------------------------
Start Renaming Generated Instances
---------------------------------------------------------------------------------
---------------------------------------------------------------------------------
Finished Renaming Generated Instances : Time (s): cpu = 00:00:13 ; elapsed = 00:00:14 . Memory (MB): peak = 3611.988 ; gain = 1049.688 ; free physical = 57136 ; free virtual = 68514
---------------------------------------------------------------------------------
---------------------------------------------------------------------------------
Start Rebuilding User Hierarchy
---------------------------------------------------------------------------------
---------------------------------------------------------------------------------
Finished Rebuilding User Hierarchy : Time (s): cpu = 00:00:13 ; elapsed = 00:00:14 . Memory (MB): peak = 3611.988 ; gain = 1049.688 ; free physical = 57136 ; free virtual = 68514
---------------------------------------------------------------------------------
---------------------------------------------------------------------------------
Start Renaming Generated Ports
---------------------------------------------------------------------------------
---------------------------------------------------------------------------------
Finished Renaming Generated Ports : Time (s): cpu = 00:00:13 ; elapsed = 00:00:14 . Memory (MB): peak = 3611.988 ; gain = 1049.688 ; free physical = 57136 ; free virtual = 68514
---------------------------------------------------------------------------------
---------------------------------------------------------------------------------
Start Handling Custom Attributes
---------------------------------------------------------------------------------
---------------------------------------------------------------------------------
Finished Handling Custom Attributes : Time (s): cpu = 00:00:13 ; elapsed = 00:00:14 . Memory (MB): peak = 3611.988 ; gain = 1049.688 ; free physical = 57136 ; free virtual = 68514
---------------------------------------------------------------------------------
---------------------------------------------------------------------------------
Start Renaming Generated Nets
---------------------------------------------------------------------------------
---------------------------------------------------------------------------------
Finished Renaming Generated Nets : Time (s): cpu = 00:00:13 ; elapsed = 00:00:14 . Memory (MB): peak = 3611.988 ; gain = 1049.688 ; free physical = 57136 ; free virtual = 68514
---------------------------------------------------------------------------------
---------------------------------------------------------------------------------
Start Writing Synthesis Report
---------------------------------------------------------------------------------

Report BlackBoxes: 
+-+--------------+----------+
| |BlackBox name |Instances |
+-+--------------+----------+
+-+--------------+----------+

Report Cell Usage: 
+------+------+------+
|      |Cell  |Count |
+------+------+------+
|1     |LUT1  |     1|
|2     |LUT2  |    53|
|3     |LUT3  |   106|
|4     |LUT4  |    10|
|5     |LUT5  |    12|
|6     |LUT6  |    50|
|7     |MUXCY |    77|
|8     |MUXF7 |     3|
|9     |XORCY |    56|
|10    |FDRE  |    72|
+------+------+------+
---------------------------------------------------------------------------------
Finished Writing Synthesis Report : Time (s): cpu = 00:00:13 ; elapsed = 00:00:14 . Memory (MB): peak = 3611.988 ; gain = 1049.688 ; free physical = 57136 ; free virtual = 68514
---------------------------------------------------------------------------------
Synthesis finished with 0 errors, 0 critical warnings and 85 warnings.
Synthesis Optimization Runtime : Time (s): cpu = 00:00:12 ; elapsed = 00:00:12 . Memory (MB): peak = 3611.988 ; gain = 932.812 ; free physical = 57065 ; free virtual = 68445
Synthesis Optimization Complete : Time (s): cpu = 00:00:14 ; elapsed = 00:00:14 . Memory (MB): peak = 3611.988 ; gain = 1049.688 ; free physical = 57065 ; free virtual = 68445
INFO: [Project 1-571] Translating synthesized netlist
Netlist sorting complete. Time (s): cpu = 00:00:00.01 ; elapsed = 00:00:00 . Memory (MB): peak = 3611.988 ; gain = 0.000 ; free physical = 57057 ; free virtual = 68437
INFO: [Netlist 29-17] Analyzing 136 Unisim elements for replacement
INFO: [Netlist 29-28] Unisim Transformation completed in 0 CPU seconds
INFO: [Project 1-570] Preparing netlist for logic optimization
INFO: [Opt 31-138] Pushed 0 inverter(s) to 0 load pin(s).
Netlist sorting complete. Time (s): cpu = 00:00:00 ; elapsed = 00:00:00 . Memory (MB): peak = 3611.988 ; gain = 0.000 ; free physical = 56470 ; free virtual = 67859
INFO: [Project 1-111] Unisim Transformation Summary:
  A total of 11 instances were transformed.
  (CARRY4) => CARRY8: 11 instances

Synth Design complete | Checksum: 2d1858d3
INFO: [Common 17-83] Releasing license: Synthesis
32 Infos, 101 Warnings, 0 Critical Warnings and 0 Errors encountered.
synth_design completed successfully
synth_design: Time (s): cpu = 00:00:20 ; elapsed = 00:00:20 . Memory (MB): peak = 3611.988 ; gain = 2080.426 ; free physical = 56455 ; free virtual = 67843
INFO: [Common 17-2834] synth_design peak Physical Memory [PSS] (MB): overall = 2528.769; main = 2528.769; forked = 175.792
INFO: [Common 17-2834] synth_design peak Virtual Memory [VSS] (MB): overall = 4043.133; main = 3589.109; forked = 908.391
INFO: [Coretcl 2-1174] Renamed 15 cell refs.
Write ShapeDB Complete: Time (s): cpu = 00:00:00 ; elapsed = 00:00:00 . Memory (MB): peak = 3613.117 ; gain = 0.000 ; free physical = 56447 ; free virtual = 67836
INFO: [Common 17-1381] The checkpoint '/home/malik/andromeda_ila/AXI-Dot-Product-Accelerator/Vivado/puzhi/puzhi.runs/floating_point_0_synth_1/floating_point_0.dcp' has been generated.
INFO: [Vivado 12-24828] Executing command : report_utilization -file floating_point_0_utilization_synth.rpt -pb floating_point_0_utilization_synth.pb
INFO: [Common 17-206] Exiting Vivado at Wed Jun 11 15:38:38 2025...
