#-----------------------------------------------------------
# Vivado v2024.2 (64-bit)
# SW Build 5239630 on Fri Nov 08 22:34:34 MST 2024
# IP Build 5239520 on Sun Nov 10 16:12:51 MST 2024
# SharedData Build 5239561 on Fri Nov 08 14:39:27 MST 2024
# Start of session at: Tue Jun 10 03:09:20 2025
# Process ID         : 39613
# Current directory  : /home/malik/andromeda_ila/andromeda/Vivado
# Command line       : vivado ./puzhi/puzhi.xpr
# Log file           : /home/malik/andromeda_ila/andromeda/Vivado/vivado.log
# Journal file       : /home/malik/andromeda_ila/andromeda/Vivado/vivado.jou
# Running On         : dust2
# Platform           : Ubuntu
# Operating System   : Ubuntu 24.04.2 LTS
# Processor Detail   : Intel(R) Core(TM) Ultra 9 285K
# CPU Frequency      : 800.000 MHz
# CPU Physical cores : 24
# CPU Logical cores  : 24
# Host memory        : 100557 MB
# Swap memory        : 8589 MB
# Total Virtual      : 109147 MB
# Available Virtual  : 44674 MB
#-----------------------------------------------------------
start_gui
open_project ./puzhi/puzhi.xpr
update_compile_order -fileset sources_1
open_bd_design {/home/malik/andromeda_ila/andromeda/Vivado/puzhi/puzhi.srcs/sources_1/bd/andromeda/andromeda.bd}
open_hw_manager
connect_hw_server -allow_non_jtag
open_hw_target
set_property PROGRAM.FILE {/home/malik/andromeda_ila/andromeda/Vivado/puzhi/puzhi.runs/impl_1/andromeda_wrapper.bit} [get_hw_devices xcku5p_0]
set_property PROBES.FILE {/home/malik/andromeda_ila/andromeda/Vivado/puzhi/puzhi.runs/impl_1/andromeda_wrapper.ltx} [get_hw_devices xcku5p_0]
set_property FULL_PROBES.FILE {/home/malik/andromeda_ila/andromeda/Vivado/puzhi/puzhi.runs/impl_1/andromeda_wrapper.ltx} [get_hw_devices xcku5p_0]
current_hw_device [get_hw_devices xcku5p_0]
refresh_hw_device [lindex [get_hw_devices xcku5p_0] 0]
display_hw_ila_data [ get_hw_ila_data hw_ila_data_1 -of_objects [get_hw_ilas -of_objects [get_hw_devices xcku5p_0] -filter {CELL_NAME=~"andromeda_i/ila_0"}]]
display_hw_ila_data [ get_hw_ila_data hw_ila_data_2 -of_objects [get_hw_ilas -of_objects [get_hw_devices xcku5p_0] -filter {CELL_NAME=~"andromeda_i/system_ila_0/inst/ila_lib"}]]
display_hw_ila_data [ get_hw_ila_data hw_ila_data_3 -of_objects [get_hw_ilas -of_objects [get_hw_devices xcku5p_0] -filter {CELL_NAME=~"u_ila_0"}]]
set_property TRIGGER_COMPARE_VALUE eq1'bR [get_hw_probes andromeda_i/system_ila_0/inst/probe2 -of_objects [get_hw_ilas -of_objects [get_hw_devices xcku5p_0] -filter {CELL_NAME=~"andromeda_i/system_ila_0/inst/ila_lib"}]]
run_hw_ila [get_hw_ilas -of_objects [get_hw_devices xcku5p_0] -filter {CELL_NAME=~"andromeda_i/system_ila_0/inst/ila_lib"}]
wait_on_hw_ila [get_hw_ilas -of_objects [get_hw_devices xcku5p_0] -filter {CELL_NAME=~"andromeda_i/system_ila_0/inst/ila_lib"}]
display_hw_ila_data [upload_hw_ila_data [get_hw_ilas -of_objects [get_hw_devices xcku5p_0] -filter {CELL_NAME=~"andromeda_i/system_ila_0/inst/ila_lib"}]]
open_bd_design {/home/malik/andromeda_ila/andromeda/Vivado/puzhi/puzhi.srcs/sources_1/bd/andromeda/andromeda.bd}
open_bd_design {/home/malik/andromeda_ila/andromeda/Vivado/puzhi/puzhi.srcs/sources_1/bd/andromeda/andromeda.bd}
open_bd_design {/home/malik/andromeda_ila/andromeda/Vivado/puzhi/puzhi.srcs/sources_1/bd/andromeda/andromeda.bd}
save_wave_config {/home/malik/andromeda_ila/andromeda/Vivado/puzhi/puzhi.hw/hw_1/wave/hw_ila_data_1/hw_ila_data_1.wcfg}
save_wave_config {/home/malik/andromeda_ila/andromeda/Vivado/puzhi/puzhi.hw/hw_1/wave/hw_ila_data_2/hw_ila_data_2.wcfg}
save_wave_config {/home/malik/andromeda_ila/andromeda/Vivado/puzhi/puzhi.hw/hw_1/wave/hw_ila_data_3/hw_ila_data_3.wcfg}
