#-----------------------------------------------------------
# Vivado v2024.2 (64-bit)
# SW Build 5239630 on Fri Nov 08 22:34:34 MST 2024
# IP Build 5239520 on Sun Nov 10 16:12:51 MST 2024
# SharedData Build 5239561 on Fri Nov 08 14:39:27 MST 2024
# Start of session at: Thu Jun 12 03:04:37 2025
# Process ID         : 39420
# Current directory  : /home/ujaved/work_dir/axi_dpe_ila_v3.0/AXI-Dot-Product-Accelerator/Vivado
# Command line       : vivado puzhi
# Log file           : /home/ujaved/work_dir/axi_dpe_ila_v3.0/AXI-Dot-Product-Accelerator/Vivado/vivado.log
# Journal file       : /home/ujaved/work_dir/axi_dpe_ila_v3.0/AXI-Dot-Product-Accelerator/Vivado/vivado.jou
# Running On         : nuke
# Platform           : Ubuntu
# Operating System   : Ubuntu 24.04.2 LTS
# Processor Detail   : Intel(R) Core(TM) Ultra 9 285K
# CPU Frequency      : 800.000 MHz
# CPU Physical cores : 24
# CPU Logical cores  : 24
# Host memory        : 49823 MB
# Swap memory        : 8589 MB
# Total Virtual      : 58413 MB
# Available Virtual  : 57460 MB
#-----------------------------------------------------------
start_gui
WARNING: [Board 49-26] cannot add Board Part xilinx.com:zcu208ld:part0:2.0 available at /opt/tools/Xilinx/Vivado/2024.2/data/xhub/boards/XilinxBoardStore/boards/Xilinx/zcu208ld/production/2.0/board.xml as part xczu58dr-fsvg1517-2-i specified in board_part file is either invalid or not available
WARNING: [Board 49-26] cannot add Board Part xilinx.com:zcu216ld:part0:2.0 available at /opt/tools/Xilinx/Vivado/2024.2/data/xhub/boards/XilinxBoardStore/boards/Xilinx/zcu216ld/production/2.0/board.xml as part xczu59dr-ffvf1760-2-i specified in board_part file is either invalid or not available
WARNING: [Board 49-26] cannot add Board Part xilinx.com:zcu670ld:part0:1.0 available at /opt/tools/Xilinx/Vivado/2024.2/data/xhub/boards/XilinxBoardStore/boards/Xilinx/zcu670ld/1.0/board.xml as part xczu57dr-fsve1156-2-i specified in board_part file is either invalid or not available
exit
INFO: [Common 17-206] Exiting Vivado at Thu Jun 12 03:04:53 2025...
