
*** Running vivado
    with args -log andromeda_sd_controller_wrapper_0_0.vds -m64 -product Vivado -mode batch -messageDb vivado.pb -notrace -source andromeda_sd_controller_wrapper_0_0.tcl


****** Vivado v2024.2 (64-bit)
  **** SW Build 5239630 on Fri Nov 08 22:34:34 MST 2024
  **** IP Build 5239520 on Sun Nov 10 16:12:51 MST 2024
  **** SharedData Build 5239561 on Fri Nov 08 14:39:27 MST 2024
  **** Start of session at: Thu Jun 12 05:37:53 2025
    ** Copyright 1986-2022 Xilinx, Inc. All Rights Reserved.
    ** Copyright 2022-2024 Advanced Micro Devices, Inc. All Rights Reserved.

source andromeda_sd_controller_wrapper_0_0.tcl -notrace
INFO: [IP_Flow 19-234] Refreshing IP repositories
INFO: [IP_Flow 19-1704] No user IP repositories specified
INFO: [IP_Flow 19-2313] Loaded Vivado IP repository '/opt/tools/Xilinx/Vivado/2024.2/data/ip'.
Command: synth_design -top andromeda_sd_controller_wrapper_0_0 -part xcku5p-ffvb676-2-i -incremental_mode off -mode out_of_context
Starting synth_design
Attempting to get a license for feature 'Synthesis' and/or device 'xcku5p'
INFO: [Common 17-349] Got license for feature 'Synthesis' and/or device 'xcku5p'
INFO: [Device 21-403] Loading part xcku5p-ffvb676-2-i
INFO: [Synth 8-7079] Multithreading enabled for synth_design using a maximum of 7 processes.
INFO: [Synth 8-7078] Launching helper process for spawning children vivado processes
INFO: [Synth 8-7075] Helper process launched with PID 223923
---------------------------------------------------------------------------------
Starting RTL Elaboration : Time (s): cpu = 00:00:02 ; elapsed = 00:00:02 . Memory (MB): peak = 2743.383 ; gain = 156.859 ; free physical = 45280 ; free virtual = 58415
---------------------------------------------------------------------------------
INFO: [Synth 8-6157] synthesizing module 'andromeda_sd_controller_wrapper_0_0' [/home/malik/andromeda_ila/AXI-DPE-simulation/AXI-Dot-Product-Accelerator/Vivado/puzhi/puzhi.gen/sources_1/bd/andromeda/ip/andromeda_sd_controller_wrapper_0_0/synth/andromeda_sd_controller_wrapper_0_0.v:53]
INFO: [Synth 8-6157] synthesizing module 'sd_controller_wrapper' [/home/malik/andromeda_ila/AXI-DPE-simulation/AXI-Dot-Product-Accelerator/Vivado/puzhi/puzhi.srcs/sources_1/imports/hdl/sd_controller_wrapper.v:12]
	Parameter SIMULATION bound to: 0 - type: integer 
INFO: [Synth 8-6157] synthesizing module 'IBUF' [/opt/tools/Xilinx/Vivado/2024.2/scripts/rt/data/unisim_comp.v:75825]
INFO: [Synth 8-6155] done synthesizing module 'IBUF' (0#1) [/opt/tools/Xilinx/Vivado/2024.2/scripts/rt/data/unisim_comp.v:75825]
INFO: [Synth 8-6157] synthesizing module 'BUFGCE' [/opt/tools/Xilinx/Vivado/2024.2/scripts/rt/data/unisim_comp.v:2686]
INFO: [Synth 8-6155] done synthesizing module 'BUFGCE' (0#1) [/opt/tools/Xilinx/Vivado/2024.2/scripts/rt/data/unisim_comp.v:2686]
INFO: [Synth 8-6157] synthesizing module 'ODDRE1' [/opt/tools/Xilinx/Vivado/2024.2/scripts/rt/data/unisim_comp.v:103123]
	Parameter IS_C_INVERTED bound to: 1'b0 
	Parameter IS_D1_INVERTED bound to: 1'b0 
	Parameter IS_D2_INVERTED bound to: 1'b0 
	Parameter SRVAL bound to: 1'b0 
INFO: [Synth 8-6155] done synthesizing module 'ODDRE1' (0#1) [/opt/tools/Xilinx/Vivado/2024.2/scripts/rt/data/unisim_comp.v:103123]
INFO: [Synth 8-6157] synthesizing module 'IOBUF' [/opt/tools/Xilinx/Vivado/2024.2/scripts/rt/data/unisim_comp.v:80391]
INFO: [Synth 8-6155] done synthesizing module 'IOBUF' (0#1) [/opt/tools/Xilinx/Vivado/2024.2/scripts/rt/data/unisim_comp.v:80391]
INFO: [Synth 8-6157] synthesizing module 'sd_controller' [/home/malik/andromeda_ila/AXI-DPE-simulation/AXI-Dot-Product-Accelerator/Vivado/puzhi/puzhi.srcs/sources_1/imports/hdl/sd_controller.sv:11]
	Parameter CLK_DIV bound to: 3'b010 
	Parameter SIMULATION bound to: 0 - type: integer 
INFO: [Synth 8-6157] synthesizing module 'sd_controller_regfile' [/home/malik/andromeda_ila/AXI-DPE-simulation/AXI-Dot-Product-Accelerator/Vivado/puzhi/puzhi.srcs/sources_1/imports/hdl/sd_controller_regfile.sv:11]
INFO: [Synth 8-6155] done synthesizing module 'sd_controller_regfile' (0#1) [/home/malik/andromeda_ila/AXI-DPE-simulation/AXI-Dot-Product-Accelerator/Vivado/puzhi/puzhi.srcs/sources_1/imports/hdl/sd_controller_regfile.sv:11]
INFO: [Synth 8-6157] synthesizing module 'sd_controller_ping_pong_buffer' [/home/malik/andromeda_ila/AXI-DPE-simulation/AXI-Dot-Product-Accelerator/Vivado/puzhi/puzhi.srcs/sources_1/imports/hdl/sd_controller_ping_pong_buffer.sv:11]
	Parameter ADDR_WIDTH bound to: 8 - type: integer 
	Parameter DATA_WIDTH bound to: 32 - type: integer 
	Parameter PROP_WIDTH bound to: 32 - type: integer 
INFO: [Synth 8-6155] done synthesizing module 'sd_controller_ping_pong_buffer' (0#1) [/home/malik/andromeda_ila/AXI-DPE-simulation/AXI-Dot-Product-Accelerator/Vivado/puzhi/puzhi.srcs/sources_1/imports/hdl/sd_controller_ping_pong_buffer.sv:11]
INFO: [Synth 8-6157] synthesizing module 'sd_reader' [/home/malik/andromeda_ila/AXI-DPE-simulation/AXI-Dot-Product-Accelerator/Vivado/puzhi/puzhi.srcs/sources_1/imports/hdl/sd_reader.sv:11]
	Parameter CLK_DIV bound to: 5'b00010 
	Parameter SIMULATION bound to: 0 - type: integer 
INFO: [Synth 8-6157] synthesizing module 'sdcmd_ctrl' [/home/malik/andromeda_ila/AXI-DPE-simulation/AXI-Dot-Product-Accelerator/Vivado/puzhi/puzhi.srcs/sources_1/imports/hdl/sdcmd_ctrl.sv:11]
INFO: [Synth 8-6155] done synthesizing module 'sdcmd_ctrl' (0#1) [/home/malik/andromeda_ila/AXI-DPE-simulation/AXI-Dot-Product-Accelerator/Vivado/puzhi/puzhi.srcs/sources_1/imports/hdl/sdcmd_ctrl.sv:11]
INFO: [Synth 8-155] case statement is not full and has no default [/home/malik/andromeda_ila/AXI-DPE-simulation/AXI-Dot-Product-Accelerator/Vivado/puzhi/puzhi.srcs/sources_1/imports/hdl/sd_reader.sv:284]
INFO: [Synth 8-6155] done synthesizing module 'sd_reader' (0#1) [/home/malik/andromeda_ila/AXI-DPE-simulation/AXI-Dot-Product-Accelerator/Vivado/puzhi/puzhi.srcs/sources_1/imports/hdl/sd_reader.sv:11]
INFO: [Synth 8-6157] synthesizing module 'sd_controller_axi_writer' [/home/malik/andromeda_ila/AXI-DPE-simulation/AXI-Dot-Product-Accelerator/Vivado/puzhi/puzhi.srcs/sources_1/imports/hdl/sd_controller_axi_writer.sv:12]
INFO: [Synth 8-155] case statement is not full and has no default [/home/malik/andromeda_ila/AXI-DPE-simulation/AXI-Dot-Product-Accelerator/Vivado/puzhi/puzhi.srcs/sources_1/imports/hdl/sd_controller_axi_writer.sv:75]
INFO: [Synth 8-155] case statement is not full and has no default [/home/malik/andromeda_ila/AXI-DPE-simulation/AXI-Dot-Product-Accelerator/Vivado/puzhi/puzhi.srcs/sources_1/imports/hdl/sd_controller_axi_writer.sv:108]
INFO: [Synth 8-6155] done synthesizing module 'sd_controller_axi_writer' (0#1) [/home/malik/andromeda_ila/AXI-DPE-simulation/AXI-Dot-Product-Accelerator/Vivado/puzhi/puzhi.srcs/sources_1/imports/hdl/sd_controller_axi_writer.sv:12]
INFO: [Synth 8-6155] done synthesizing module 'sd_controller' (0#1) [/home/malik/andromeda_ila/AXI-DPE-simulation/AXI-Dot-Product-Accelerator/Vivado/puzhi/puzhi.srcs/sources_1/imports/hdl/sd_controller.sv:11]
INFO: [Synth 8-6155] done synthesizing module 'sd_controller_wrapper' (0#1) [/home/malik/andromeda_ila/AXI-DPE-simulation/AXI-Dot-Product-Accelerator/Vivado/puzhi/puzhi.srcs/sources_1/imports/hdl/sd_controller_wrapper.v:12]
INFO: [Synth 8-6155] done synthesizing module 'andromeda_sd_controller_wrapper_0_0' (0#1) [/home/malik/andromeda_ila/AXI-DPE-simulation/AXI-Dot-Product-Accelerator/Vivado/puzhi/puzhi.gen/sources_1/bd/andromeda/ip/andromeda_sd_controller_wrapper_0_0/synth/andromeda_sd_controller_wrapper_0_0.v:53]
WARNING: [Synth 8-11357] Potential Runtime issue for 3D-RAM or RAM from Record/Structs for RAM  data_buffer_reg with 16384 registers
INFO: [Synth 8-6071] Mark debug on the nets applies keep_hierarchy on instance 'sdcmd_ctrl_inst'. This will prevent further optimization [/home/malik/andromeda_ila/AXI-DPE-simulation/AXI-Dot-Product-Accelerator/Vivado/puzhi/puzhi.srcs/sources_1/imports/hdl/sd_reader.sv:115]
INFO: [Synth 8-6071] Mark debug on the nets applies keep_hierarchy on instance 'sd_reader_inst'. This will prevent further optimization [/home/malik/andromeda_ila/AXI-DPE-simulation/AXI-Dot-Product-Accelerator/Vivado/puzhi/puzhi.srcs/sources_1/imports/hdl/sd_controller.sv:185]
INFO: [Synth 8-6071] Mark debug on the nets applies keep_hierarchy on instance 'sd_controller_regfile_inst'. This will prevent further optimization [/home/malik/andromeda_ila/AXI-DPE-simulation/AXI-Dot-Product-Accelerator/Vivado/puzhi/puzhi.srcs/sources_1/imports/hdl/sd_controller.sv:126]
WARNING: [Synth 8-6014] Unused sequential element last_reg_ctrl_reg was removed.  [/home/malik/andromeda_ila/AXI-DPE-simulation/AXI-Dot-Product-Accelerator/Vivado/puzhi/puzhi.srcs/sources_1/imports/hdl/sd_controller.sv:334]
WARNING: [Synth 8-7129] Port clkdiv[0] in module sdcmd_ctrl is either unconnected or has no load
WARNING: [Synth 8-7129] Port axilite_awprot[2] in module sd_controller_regfile is either unconnected or has no load
WARNING: [Synth 8-7129] Port axilite_awprot[1] in module sd_controller_regfile is either unconnected or has no load
WARNING: [Synth 8-7129] Port axilite_awprot[0] in module sd_controller_regfile is either unconnected or has no load
WARNING: [Synth 8-7129] Port axilite_wstrb[3] in module sd_controller_regfile is either unconnected or has no load
WARNING: [Synth 8-7129] Port axilite_wstrb[2] in module sd_controller_regfile is either unconnected or has no load
WARNING: [Synth 8-7129] Port axilite_wstrb[1] in module sd_controller_regfile is either unconnected or has no load
WARNING: [Synth 8-7129] Port axilite_wstrb[0] in module sd_controller_regfile is either unconnected or has no load
WARNING: [Synth 8-7129] Port axilite_arprot[2] in module sd_controller_regfile is either unconnected or has no load
WARNING: [Synth 8-7129] Port axilite_arprot[1] in module sd_controller_regfile is either unconnected or has no load
WARNING: [Synth 8-7129] Port axilite_arprot[0] in module sd_controller_regfile is either unconnected or has no load
---------------------------------------------------------------------------------
Finished RTL Elaboration : Time (s): cpu = 00:00:03 ; elapsed = 00:00:03 . Memory (MB): peak = 2877.352 ; gain = 290.828 ; free physical = 44394 ; free virtual = 57530
---------------------------------------------------------------------------------
---------------------------------------------------------------------------------
Start Handling Custom Attributes
---------------------------------------------------------------------------------
---------------------------------------------------------------------------------
Finished Handling Custom Attributes : Time (s): cpu = 00:00:03 ; elapsed = 00:00:03 . Memory (MB): peak = 2877.352 ; gain = 290.828 ; free physical = 44315 ; free virtual = 57459
---------------------------------------------------------------------------------
---------------------------------------------------------------------------------
Finished RTL Optimization Phase 1 : Time (s): cpu = 00:00:03 ; elapsed = 00:00:03 . Memory (MB): peak = 2877.352 ; gain = 290.828 ; free physical = 44315 ; free virtual = 57459
---------------------------------------------------------------------------------
Netlist sorting complete. Time (s): cpu = 00:00:00.07 ; elapsed = 00:00:00.07 . Memory (MB): peak = 2885.352 ; gain = 0.000 ; free physical = 44118 ; free virtual = 57260
INFO: [Netlist 29-17] Analyzing 8 Unisim elements for replacement
INFO: [Netlist 29-28] Unisim Transformation completed in 0 CPU seconds
INFO: [Project 1-570] Preparing netlist for logic optimization

Processing XDC Constraints
Initializing timing engine
Completed Processing XDC Constraints

Netlist sorting complete. Time (s): cpu = 00:00:00 ; elapsed = 00:00:00 . Memory (MB): peak = 2965.371 ; gain = 0.000 ; free physical = 43873 ; free virtual = 57018
INFO: [Project 1-111] Unisim Transformation Summary:
  A total of 8 instances were transformed.
  IBUF => IBUF (IBUFCTRL, INBUF): 4 instances
  IOBUF => IOBUF (IBUFCTRL, INBUF, OBUFT): 1 instance 
  ODDRE1 => OSERDESE3: 3 instances

Constraint Validation Runtime : Time (s): cpu = 00:00:00.22 ; elapsed = 00:00:00.08 . Memory (MB): peak = 2988.184 ; gain = 22.812 ; free physical = 43865 ; free virtual = 57010
INFO: [Designutils 20-5008] Incremental synthesis strategy off
---------------------------------------------------------------------------------
Finished Constraint Validation : Time (s): cpu = 00:00:08 ; elapsed = 00:00:08 . Memory (MB): peak = 2988.184 ; gain = 401.660 ; free physical = 41010 ; free virtual = 54163
---------------------------------------------------------------------------------
---------------------------------------------------------------------------------
Start Loading Part and Timing Information
---------------------------------------------------------------------------------
Loading part: xcku5p-ffvb676-2-i
INFO: [Synth 8-6742] Reading net delay rules and data
---------------------------------------------------------------------------------
Finished Loading Part and Timing Information : Time (s): cpu = 00:00:08 ; elapsed = 00:00:08 . Memory (MB): peak = 2996.188 ; gain = 409.664 ; free physical = 41010 ; free virtual = 54163
---------------------------------------------------------------------------------
---------------------------------------------------------------------------------
Start Applying 'set_property' XDC Constraints
---------------------------------------------------------------------------------
---------------------------------------------------------------------------------
Finished applying 'set_property' XDC Constraints : Time (s): cpu = 00:00:08 ; elapsed = 00:00:08 . Memory (MB): peak = 2996.188 ; gain = 409.664 ; free physical = 41002 ; free virtual = 54155
---------------------------------------------------------------------------------
INFO: [Synth 8-802] inferred FSM for state register 'cur_addr_state_reg' in module 'sd_controller_axi_writer'
INFO: [Synth 8-802] inferred FSM for state register 'cur_data_state_reg' in module 'sd_controller_axi_writer'
INFO: [Synth 8-6904] The RAM "sd_controller_ping_pong_buffer:/prop_buffer_reg" of size (depth=2 x width=32) is automatically implemented using LUTRAM. BRAM implementation would be inefficient 
---------------------------------------------------------------------------------------------------
                   State |                     New Encoding |                Previous Encoding 
---------------------------------------------------------------------------------------------------
                    IDLE |                              001 |                               00
                 WRITING |                              010 |                               10
            WAITING_DONE |                              100 |                               11
---------------------------------------------------------------------------------------------------
INFO: [Synth 8-3354] encoded FSM with state register 'cur_data_state_reg' using encoding 'one-hot' in module 'sd_controller_axi_writer'
---------------------------------------------------------------------------------------------------
                   State |                     New Encoding |                Previous Encoding 
---------------------------------------------------------------------------------------------------
                    IDLE |                              001 |                               00
                   SETUP |                              010 |                               01
            WAITING_DONE |                              100 |                               11
---------------------------------------------------------------------------------------------------
INFO: [Synth 8-3354] encoded FSM with state register 'cur_addr_state_reg' using encoding 'one-hot' in module 'sd_controller_axi_writer'
---------------------------------------------------------------------------------
Finished RTL Optimization Phase 2 : Time (s): cpu = 00:00:10 ; elapsed = 00:00:10 . Memory (MB): peak = 2996.188 ; gain = 409.664 ; free physical = 39197 ; free virtual = 52395
---------------------------------------------------------------------------------
---------------------------------------------------------------------------------
Start RTL Component Statistics 
---------------------------------------------------------------------------------
Detailed RTL Component Info : 
+---Adders : 
	   2 Input   32 Bit       Adders := 4     
	   3 Input   32 Bit       Adders := 1     
	   2 Input   23 Bit       Adders := 1     
	   2 Input   16 Bit       Adders := 1     
	   2 Input    8 Bit       Adders := 2     
	   2 Input    6 Bit       Adders := 1     
	   2 Input    2 Bit       Adders := 1     
+---XORs : 
	   2 Input      7 Bit         XORs := 1     
	   2 Input      1 Bit         XORs := 1     
+---Registers : 
	               32 Bit    Registers := 526   
	               23 Bit    Registers := 3     
	               18 Bit    Registers := 1     
	               16 Bit    Registers := 2     
	                8 Bit    Registers := 4     
	                7 Bit    Registers := 2     
	                6 Bit    Registers := 3     
	                4 Bit    Registers := 3     
	                3 Bit    Registers := 2     
	                2 Bit    Registers := 3     
	                1 Bit    Registers := 38    
+---RAMs : 
	               64 Bit	(2 X 32 bit)          RAMs := 1     
+---Muxes : 
	   2 Input   32 Bit        Muxes := 273   
	   4 Input   32 Bit        Muxes := 2     
	   5 Input   32 Bit        Muxes := 1     
	   2 Input   16 Bit        Muxes := 2     
	  15 Input   16 Bit        Muxes := 1     
	   4 Input    8 Bit        Muxes := 1     
	   3 Input    8 Bit        Muxes := 1     
	   2 Input    8 Bit        Muxes := 1     
	   3 Input    7 Bit        Muxes := 1     
	   4 Input    6 Bit        Muxes := 1     
	   2 Input    6 Bit        Muxes := 3     
	   3 Input    4 Bit        Muxes := 2     
	   2 Input    4 Bit        Muxes := 16    
	   2 Input    3 Bit        Muxes := 22    
	   3 Input    3 Bit        Muxes := 2     
	   2 Input    2 Bit        Muxes := 18    
	   8 Input    2 Bit        Muxes := 1     
	   7 Input    2 Bit        Muxes := 1     
	   3 Input    2 Bit        Muxes := 10    
	   2 Input    1 Bit        Muxes := 55    
	   8 Input    1 Bit        Muxes := 6     
	  15 Input    1 Bit        Muxes := 1     
---------------------------------------------------------------------------------
Finished RTL Component Statistics 
---------------------------------------------------------------------------------
---------------------------------------------------------------------------------
Start Part Resource Summary
---------------------------------------------------------------------------------
Part Resources:
DSPs: 1824 (col length:96)
BRAMs: 960 (col length: RAMB18 96 RAMB36 48)
---------------------------------------------------------------------------------
Finished Part Resource Summary
---------------------------------------------------------------------------------
---------------------------------------------------------------------------------
Start Cross Boundary and Area Optimization
---------------------------------------------------------------------------------
WARNING: [Synth 8-7080] Parallel synthesis criteria is not met
INFO: [Synth 8-6904] The RAM "\inst/sd_controller_inst/sd_controller_ping_pong_buffer_inst/prop_buffer_reg " of size (depth=2 x width=32) is automatically implemented using LUTRAM. BRAM implementation would be inefficient 
INFO: [Synth 8-3917] design andromeda_sd_controller_wrapper_0_0 has port axi_awprot[2] driven by constant 0
INFO: [Synth 8-3917] design andromeda_sd_controller_wrapper_0_0 has port axi_awprot[1] driven by constant 0
INFO: [Synth 8-3917] design andromeda_sd_controller_wrapper_0_0 has port axi_awprot[0] driven by constant 0
INFO: [Synth 8-3917] design andromeda_sd_controller_wrapper_0_0 has port axi_awburst[1] driven by constant 0
INFO: [Synth 8-3917] design andromeda_sd_controller_wrapper_0_0 has port axi_awburst[0] driven by constant 1
INFO: [Synth 8-3917] design andromeda_sd_controller_wrapper_0_0 has port axi_awlen[7] driven by constant 1
INFO: [Synth 8-3917] design andromeda_sd_controller_wrapper_0_0 has port axi_awlen[6] driven by constant 1
INFO: [Synth 8-3917] design andromeda_sd_controller_wrapper_0_0 has port axi_awlen[5] driven by constant 1
INFO: [Synth 8-3917] design andromeda_sd_controller_wrapper_0_0 has port axi_awlen[4] driven by constant 1
INFO: [Synth 8-3917] design andromeda_sd_controller_wrapper_0_0 has port axi_awlen[3] driven by constant 1
INFO: [Synth 8-3917] design andromeda_sd_controller_wrapper_0_0 has port axi_awlen[2] driven by constant 1
INFO: [Synth 8-3917] design andromeda_sd_controller_wrapper_0_0 has port axi_awlen[1] driven by constant 1
INFO: [Synth 8-3917] design andromeda_sd_controller_wrapper_0_0 has port axi_awlen[0] driven by constant 1
INFO: [Synth 8-3917] design andromeda_sd_controller_wrapper_0_0 has port axi_awsize[2] driven by constant 0
INFO: [Synth 8-3917] design andromeda_sd_controller_wrapper_0_0 has port axi_awsize[1] driven by constant 1
INFO: [Synth 8-3917] design andromeda_sd_controller_wrapper_0_0 has port axi_awsize[0] driven by constant 0
INFO: [Synth 8-3917] design andromeda_sd_controller_wrapper_0_0 has port axi_wstrb[3] driven by constant 1
INFO: [Synth 8-3917] design andromeda_sd_controller_wrapper_0_0 has port axi_wstrb[2] driven by constant 1
INFO: [Synth 8-3917] design andromeda_sd_controller_wrapper_0_0 has port axi_wstrb[1] driven by constant 1
INFO: [Synth 8-3917] design andromeda_sd_controller_wrapper_0_0 has port axi_wstrb[0] driven by constant 1
WARNING: [Synth 8-7129] Port clkdiv[0] in module sdcmd_ctrl is either unconnected or has no load
WARNING: [Synth 8-7129] Port axilite_awprot[2] in module sd_controller_regfile is either unconnected or has no load
WARNING: [Synth 8-7129] Port axilite_awprot[1] in module sd_controller_regfile is either unconnected or has no load
WARNING: [Synth 8-7129] Port axilite_awprot[0] in module sd_controller_regfile is either unconnected or has no load
WARNING: [Synth 8-7129] Port axilite_wstrb[3] in module sd_controller_regfile is either unconnected or has no load
WARNING: [Synth 8-7129] Port axilite_wstrb[2] in module sd_controller_regfile is either unconnected or has no load
WARNING: [Synth 8-7129] Port axilite_wstrb[1] in module sd_controller_regfile is either unconnected or has no load
WARNING: [Synth 8-7129] Port axilite_wstrb[0] in module sd_controller_regfile is either unconnected or has no load
WARNING: [Synth 8-7129] Port axilite_arprot[2] in module sd_controller_regfile is either unconnected or has no load
WARNING: [Synth 8-7129] Port axilite_arprot[1] in module sd_controller_regfile is either unconnected or has no load
WARNING: [Synth 8-7129] Port axilite_arprot[0] in module sd_controller_regfile is either unconnected or has no load
INFO: [Synth 8-6904] The RAM "\inst/sd_controller_inst/sd_controller_ping_pong_buffer_inst/prop_buffer_reg " of size (depth=2 x width=32) is automatically implemented using LUTRAM. BRAM implementation would be inefficient 
---------------------------------------------------------------------------------
Finished Cross Boundary and Area Optimization : Time (s): cpu = 00:00:16 ; elapsed = 00:00:16 . Memory (MB): peak = 3001.188 ; gain = 414.664 ; free physical = 37280 ; free virtual = 50455
---------------------------------------------------------------------------------
---------------------------------------------------------------------------------
Start ROM, RAM, DSP, Shift Register and Retiming Reporting
---------------------------------------------------------------------------------

Distributed RAM: Preliminary Mapping Report (see note below)
+--------------------------------------------------------------+-----------------+-----------+----------------------+---------------+
|Module Name                                                   | RTL Object      | Inference | Size (Depth x Width) | Primitives    | 
+--------------------------------------------------------------+-----------------+-----------+----------------------+---------------+
|\inst/sd_controller_inst/sd_controller_ping_pong_buffer_inst  | prop_buffer_reg | Implied   | 2 x 32               | RAM32M16 x 3  | 
+--------------------------------------------------------------+-----------------+-----------+----------------------+---------------+

Note: The table above is a preliminary report that shows the Distributed RAMs at the current stage of the synthesis flow. Some Distributed RAMs may be reimplemented as non Distributed RAM primitives later in the synthesis flow. Multiple instantiated RAMs are reported only once.
---------------------------------------------------------------------------------
Finished ROM, RAM, DSP, Shift Register and Retiming Reporting
---------------------------------------------------------------------------------
---------------------------------------------------------------------------------
Start Applying XDC Timing Constraints
---------------------------------------------------------------------------------
---------------------------------------------------------------------------------
Finished Applying XDC Timing Constraints : Time (s): cpu = 00:00:20 ; elapsed = 00:00:20 . Memory (MB): peak = 3507.035 ; gain = 920.512 ; free physical = 35873 ; free virtual = 49100
---------------------------------------------------------------------------------
---------------------------------------------------------------------------------
Start Timing Optimization
---------------------------------------------------------------------------------
---------------------------------------------------------------------------------
Finished Timing Optimization : Time (s): cpu = 00:00:21 ; elapsed = 00:00:21 . Memory (MB): peak = 3521.035 ; gain = 934.512 ; free physical = 37412 ; free virtual = 50593
---------------------------------------------------------------------------------
---------------------------------------------------------------------------------
Start ROM, RAM, DSP, Shift Register and Retiming Reporting
---------------------------------------------------------------------------------

Distributed RAM: Final Mapping Report
+--------------------------------------------------------------+-----------------+-----------+----------------------+---------------+
|Module Name                                                   | RTL Object      | Inference | Size (Depth x Width) | Primitives    | 
+--------------------------------------------------------------+-----------------+-----------+----------------------+---------------+
|\inst/sd_controller_inst/sd_controller_ping_pong_buffer_inst  | prop_buffer_reg | Implied   | 2 x 32               | RAM32M16 x 3  | 
+--------------------------------------------------------------+-----------------+-----------+----------------------+---------------+

---------------------------------------------------------------------------------
Finished ROM, RAM, DSP, Shift Register and Retiming Reporting
---------------------------------------------------------------------------------
---------------------------------------------------------------------------------
Start Technology Mapping
---------------------------------------------------------------------------------
---------------------------------------------------------------------------------
Finished Technology Mapping : Time (s): cpu = 00:00:23 ; elapsed = 00:00:23 . Memory (MB): peak = 3613.277 ; gain = 1026.754 ; free physical = 46876 ; free virtual = 60057
---------------------------------------------------------------------------------
---------------------------------------------------------------------------------
Start IO Insertion
---------------------------------------------------------------------------------
---------------------------------------------------------------------------------
Start Flattening Before IO Insertion
---------------------------------------------------------------------------------
---------------------------------------------------------------------------------
Finished Flattening Before IO Insertion
---------------------------------------------------------------------------------
---------------------------------------------------------------------------------
Start Final Netlist Cleanup
---------------------------------------------------------------------------------
---------------------------------------------------------------------------------
Finished Final Netlist Cleanup
---------------------------------------------------------------------------------
---------------------------------------------------------------------------------
Finished IO Insertion : Time (s): cpu = 00:00:25 ; elapsed = 00:00:25 . Memory (MB): peak = 3672.090 ; gain = 1085.566 ; free physical = 52783 ; free virtual = 65979
---------------------------------------------------------------------------------
---------------------------------------------------------------------------------
Start Renaming Generated Instances
---------------------------------------------------------------------------------
---------------------------------------------------------------------------------
Finished Renaming Generated Instances : Time (s): cpu = 00:00:25 ; elapsed = 00:00:25 . Memory (MB): peak = 3672.090 ; gain = 1085.566 ; free physical = 52757 ; free virtual = 65955
---------------------------------------------------------------------------------
---------------------------------------------------------------------------------
Start Rebuilding User Hierarchy
---------------------------------------------------------------------------------
---------------------------------------------------------------------------------
Finished Rebuilding User Hierarchy : Time (s): cpu = 00:00:25 ; elapsed = 00:00:25 . Memory (MB): peak = 3672.090 ; gain = 1085.566 ; free physical = 52549 ; free virtual = 65806
---------------------------------------------------------------------------------
---------------------------------------------------------------------------------
Start Renaming Generated Ports
---------------------------------------------------------------------------------
---------------------------------------------------------------------------------
Finished Renaming Generated Ports : Time (s): cpu = 00:00:25 ; elapsed = 00:00:25 . Memory (MB): peak = 3672.090 ; gain = 1085.566 ; free physical = 52541 ; free virtual = 65798
---------------------------------------------------------------------------------
---------------------------------------------------------------------------------
Start Handling Custom Attributes
---------------------------------------------------------------------------------
---------------------------------------------------------------------------------
Finished Handling Custom Attributes : Time (s): cpu = 00:00:25 ; elapsed = 00:00:25 . Memory (MB): peak = 3672.090 ; gain = 1085.566 ; free physical = 52341 ; free virtual = 65536
---------------------------------------------------------------------------------
---------------------------------------------------------------------------------
Start Renaming Generated Nets
---------------------------------------------------------------------------------
---------------------------------------------------------------------------------
Finished Renaming Generated Nets : Time (s): cpu = 00:00:25 ; elapsed = 00:00:25 . Memory (MB): peak = 3672.090 ; gain = 1085.566 ; free physical = 52287 ; free virtual = 65482
---------------------------------------------------------------------------------
---------------------------------------------------------------------------------
Start Writing Synthesis Report
---------------------------------------------------------------------------------

Report BlackBoxes: 
+-+--------------+----------+
| |BlackBox name |Instances |
+-+--------------+----------+
+-+--------------+----------+

Report Cell Usage: 
+------+---------+------+
|      |Cell     |Count |
+------+---------+------+
|1     |BUFGCE   |     1|
|2     |CARRY8   |    31|
|3     |LUT1     |   144|
|4     |LUT2     |   191|
|5     |LUT3     |    70|
|6     |LUT4     |   140|
|7     |LUT5     |   125|
|8     |LUT6     |  5149|
|9     |MUXF7    |  2176|
|10    |MUXF8    |  1024|
|11    |ODDRE1   |     3|
|12    |RAM32M   |     1|
|13    |RAM32M16 |     2|
|14    |FDRE     | 17328|
|15    |FDSE     |    16|
|16    |IBUF     |     4|
|17    |IOBUF    |     1|
+------+---------+------+
---------------------------------------------------------------------------------
Finished Writing Synthesis Report : Time (s): cpu = 00:00:25 ; elapsed = 00:00:25 . Memory (MB): peak = 3672.090 ; gain = 1085.566 ; free physical = 52271 ; free virtual = 65466
---------------------------------------------------------------------------------
Synthesis finished with 0 errors, 0 critical warnings and 12 warnings.
Synthesis Optimization Runtime : Time (s): cpu = 00:00:24 ; elapsed = 00:00:24 . Memory (MB): peak = 3672.090 ; gain = 974.734 ; free physical = 54315 ; free virtual = 67529
Synthesis Optimization Complete : Time (s): cpu = 00:00:25 ; elapsed = 00:00:26 . Memory (MB): peak = 3672.090 ; gain = 1085.566 ; free physical = 54315 ; free virtual = 67530
INFO: [Project 1-571] Translating synthesized netlist
Netlist sorting complete. Time (s): cpu = 00:00:00.09 ; elapsed = 00:00:00.08 . Memory (MB): peak = 3672.090 ; gain = 0.000 ; free physical = 54019 ; free virtual = 67285
INFO: [Netlist 29-17] Analyzing 3242 Unisim elements for replacement
INFO: [Netlist 29-28] Unisim Transformation completed in 0 CPU seconds
WARNING: [Netlist 29-101] Netlist 'andromeda_sd_controller_wrapper_0_0' is not ideal for floorplanning, since the cellview 'sd_controller_ping_pong_buffer' contains a large number of primitives.  Please consider enabling hierarchy in synthesis if you want to do floorplanning.
INFO: [Project 1-570] Preparing netlist for logic optimization
INFO: [Opt 31-138] Pushed 0 inverter(s) to 0 load pin(s).
Netlist sorting complete. Time (s): cpu = 00:00:00 ; elapsed = 00:00:00 . Memory (MB): peak = 3672.090 ; gain = 0.000 ; free physical = 54915 ; free virtual = 68121
INFO: [Project 1-111] Unisim Transformation Summary:
  A total of 10 instances were transformed.
  IBUF => IBUF (IBUFCTRL, INBUF): 4 instances
  IOBUF => IOBUF (IBUFCTRL, INBUF, OBUFT): 1 instance 
  ODDRE1 => OSERDESE3: 2 instances
  RAM32M => RAM32M (RAMD32(x6), RAMS32(x2)): 1 instance 
  RAM32M16 => RAM32M16 (RAMD32(x14), RAMS32(x2)): 2 instances

Synth Design complete | Checksum: e78c6271
INFO: [Common 17-83] Releasing license: Synthesis
78 Infos, 26 Warnings, 0 Critical Warnings and 0 Errors encountered.
synth_design completed successfully
synth_design: Time (s): cpu = 00:00:32 ; elapsed = 00:00:31 . Memory (MB): peak = 3672.090 ; gain = 2140.285 ; free physical = 55551 ; free virtual = 68758
INFO: [Common 17-2834] synth_design peak Physical Memory [PSS] (MB): overall = 2565.994; main = 2563.806; forked = 174.552
INFO: [Common 17-2834] synth_design peak Virtual Memory [VSS] (MB): overall = 4397.434; main = 3649.211; forked = 908.395
INFO: [Coretcl 2-1174] Renamed 7 cell refs.
Write ShapeDB Complete: Time (s): cpu = 00:00:00.03 ; elapsed = 00:00:00.01 . Memory (MB): peak = 3673.219 ; gain = 0.000 ; free physical = 55473 ; free virtual = 68681
INFO: [Common 17-1381] The checkpoint '/home/malik/andromeda_ila/AXI-DPE-simulation/AXI-Dot-Product-Accelerator/Vivado/puzhi/puzhi.runs/andromeda_sd_controller_wrapper_0_0_synth_1/andromeda_sd_controller_wrapper_0_0.dcp' has been generated.
INFO: [Vivado 12-24828] Executing command : report_utilization -file andromeda_sd_controller_wrapper_0_0_utilization_synth.rpt -pb andromeda_sd_controller_wrapper_0_0_utilization_synth.pb
INFO: [Common 17-206] Exiting Vivado at Thu Jun 12 05:38:31 2025...
